Archive member included because of file (symbol)

/usr/local/bin/../lib/gcc/msp430/4.7.2/mmpy-16/libgcc.a(_mulsi3.o)
                              build/sky/obj/cfs-coffee.o (__mulsi3)
/usr/local/bin/../lib/gcc/msp430/4.7.2/mmpy-16/libgcc.a(_udivmod16.o)
                              build/sky/obj/cfs-coffee.o (__udivhi3)
/usr/local/bin/../lib/gcc/msp430/4.7.2/mmpy-16/libgcc.a(_divmod16.o)
                              build/sky/obj/link-stats.o (__divhi3)
/usr/local/bin/../lib/gcc/msp430/4.7.2/mmpy-16/libgcc.a(_udivmod32.o)
                              build/sky/obj/ifft.o (__udivsi3)
/usr/local/bin/../lib/gcc/msp430/4.7.2/mmpy-16/libgcc.a(_divmod32.o)
                              build/sky/obj/cfs-coffee.o (__divsi3)
/usr/local/bin/../lib/gcc/msp430/4.7.2/../../../../msp430/lib/mmpy-16/libc.a(printf.o)
                              build/sky/obj/assert.o (printf)
/usr/local/bin/../lib/gcc/msp430/4.7.2/../../../../msp430/lib/mmpy-16/libc.a(sprintf.o)
                              build/sky/obj/log.o (snprintf)
/usr/local/bin/../lib/gcc/msp430/4.7.2/../../../../msp430/lib/mmpy-16/libc.a(vuprintf.o)
                              /usr/local/bin/../lib/gcc/msp430/4.7.2/../../../../msp430/lib/mmpy-16/libc.a(printf.o) (vuprintf)
/usr/local/bin/../lib/gcc/msp430/4.7.2/../../../../msp430/lib/mmpy-16/libc.a(puts.o)
                              build/sky/obj/assert.o (puts)
/usr/local/bin/../lib/gcc/msp430/4.7.2/../../../../msp430/lib/mmpy-16/libc.a(rand.o)
                              build/sky/obj/random.o (rand)
/usr/local/bin/../lib/gcc/msp430/4.7.2/../../../../msp430/lib/mmpy-16/libc.a(strcmp.o)
                              build/sky/obj/cfs-coffee.o (strcmp)
/usr/local/bin/../lib/gcc/msp430/4.7.2/../../../../msp430/lib/mmpy-16/libc.a(strncmp.o)
                              build/sky/obj/sensors.o (strncmp)
/usr/local/bin/../lib/gcc/msp430/4.7.2/../../../../msp430/lib/mmpy-16/libc.a(memcmp.o)
                              build/sky/obj/ip64-addr.o (memcmp)
/usr/local/bin/../lib/gcc/msp430/4.7.2/../../../../msp430/lib/mmpy-16/libc.a(strncpy.o)
                              build/sky/obj/cfs-coffee.o (strncpy)
/usr/local/bin/../lib/gcc/msp430/4.7.2/../../../../msp430/lib/mmpy-16/libc.a(memcpy.o)
                              build/sky/obj/aes-128.o (memcpy)
/usr/local/bin/../lib/gcc/msp430/4.7.2/../../../../msp430/lib/mmpy-16/libc.a(memmove.o)
                              build/sky/obj/rpl-ext-header.o (memmove)
/usr/local/bin/../lib/gcc/msp430/4.7.2/../../../../msp430/lib/mmpy-16/libc.a(memset.o)
                              build/sky/obj/cfs-coffee.o (memset)
/usr/local/bin/../lib/gcc/msp430/4.7.2/mmpy-16/libgcc.a(_udivmod64.o)
                              /usr/local/bin/../lib/gcc/msp430/4.7.2/../../../../msp430/lib/mmpy-16/libc.a(vuprintf.o) (__udivdi3)
/usr/local/bin/../lib/gcc/msp430/4.7.2/mmpy-16/libcrt0.a(_reset_vector__.o)
                              (_reset_vector__)
/usr/local/bin/../lib/gcc/msp430/4.7.2/mmpy-16/libcrt0.a(__watchdog_support.o)
                              /usr/local/bin/../lib/gcc/msp430/4.7.2/mmpy-16/libcrt0.a(_reset_vector__.o) (__watchdog_support)
/usr/local/bin/../lib/gcc/msp430/4.7.2/mmpy-16/libcrt0.a(__init_stack.o)
                              /usr/local/bin/../lib/gcc/msp430/4.7.2/mmpy-16/libcrt0.a(_reset_vector__.o) (__init_stack)
/usr/local/bin/../lib/gcc/msp430/4.7.2/mmpy-16/libcrt0.a(__low_level_init.o)
                              /usr/local/bin/../lib/gcc/msp430/4.7.2/mmpy-16/libcrt0.a(_reset_vector__.o) (__low_level_init)
/usr/local/bin/../lib/gcc/msp430/4.7.2/mmpy-16/libcrt0.a(_copy_data.o)
                              /usr/local/bin/../lib/gcc/msp430/4.7.2/mmpy-16/libcrt0.a(_reset_vector__.o) (__do_copy_data)
/usr/local/bin/../lib/gcc/msp430/4.7.2/mmpy-16/libcrt0.a(_clear_bss.o)
                              /usr/local/bin/../lib/gcc/msp430/4.7.2/mmpy-16/libcrt0.a(_reset_vector__.o) (__do_clear_bss)
/usr/local/bin/../lib/gcc/msp430/4.7.2/mmpy-16/libcrt0.a(__stop_progExec__.o)
                              /usr/local/bin/../lib/gcc/msp430/4.7.2/mmpy-16/libcrt0.a(_reset_vector__.o) (__stop_progExec__)
/usr/local/bin/../lib/gcc/msp430/4.7.2/mmpy-16/libcrt0.a(_endless_loop__.o)
                              /usr/local/bin/../lib/gcc/msp430/4.7.2/mmpy-16/libcrt0.a(_reset_vector__.o) (_endless_loop__)
/usr/local/bin/../lib/gcc/msp430/4.7.2/mmpy-16/libcrt0.a(_unexpected_.o)
                              /usr/local/bin/../lib/gcc/msp430/4.7.2/mmpy-16/crt0ivtbl16.o (_unexpected_)

Allocating common symbols
Common symbol       size              file

compower_idle_activity
                    0x10              build/sky/obj/compower.o
uip_ds6_timer_ra    0x8               build/sky/obj/uip-ds6.o
cc2420_last_rssi    0x1               build/sky/obj/cc2420.o
uip_ds6_if          0x110             build/sky/obj/uip-ds6.o
uip_ds6_netif_addr_list_offset
                    0x1               build/sky/obj/uip-ds6.o
[...]
Memory Configuration

Name             Origin             Length             Attributes
sfr              0x00000000         0x00000010
peripheral_8bit  0x00000010         0x000000f0
peripheral_16bit 0x00000100         0x00000100
ram_mirror       0x00000200         0x00000800         xw
infomem          0x00001000         0x00000100
infob            0x00001000         0x00000080
infoa            0x00001080         0x00000080
ram              0x00001100         0x00002800         xw
rom              0x00004000         0x0000bfe0         xr
vectors          0x0000ffe0         0x00000020
bsl              0x00000000         0x00000000
infoc            0x00000000         0x00000000
infod            0x00000000         0x00000000
ram2             0x00000000         0x00000000         xw
usbram           0x00000000         0x00000000         xw
far_rom          0x00000000         0x00000000
*default*        0x00000000         0xffffffff

Linker script and memory map

LOAD /usr/local/bin/../lib/gcc/msp430/4.7.2/mmpy-16/crt0ivtbl16.o
                0x00002ca8                _stack = _end
LOAD build/sky/obj/aes-128.o
LOAD build/sky/obj/anti-replay.o
LOAD build/sky/obj/assert.o
LOAD build/sky/obj/atomic.o
LOAD build/sky/obj/autostart.o
LOAD build/sky/obj/battery-sensor.o
LOAD build/sky/obj/button-hal.o
LOAD build/sky/obj/button-sensor.o
LOAD build/sky/obj/cc2420-arch-sfd.o
LOAD build/sky/obj/cc2420-arch.o
LOAD build/sky/obj/cc2420-tsch-15ms.o
LOAD build/sky/obj/cc2420.o
LOAD build/sky/obj/ccm-star-packetbuf.o
LOAD build/sky/obj/ccm-star.o
LOAD build/sky/obj/cfs-coffee.o
LOAD build/sky/obj/circular-list.o
LOAD build/sky/obj/clock.o
LOAD build/sky/obj/compower.o
LOAD build/sky/obj/contiki-main.o
LOAD build/sky/obj/contiki-sky-platform.o
LOAD build/sky/obj/crc16.o
LOAD build/sky/obj/csma-output.o
LOAD build/sky/obj/csma-security.o
LOAD build/sky/obj/csma.o
LOAD build/sky/obj/ctimer.o
LOAD build/sky/obj/dbl-circ-list.o
LOAD build/sky/obj/dbl-list.o
LOAD build/sky/obj/ds2411.o
LOAD build/sky/obj/energest.o
LOAD build/sky/obj/etimer.o
LOAD build/sky/obj/flash.o
LOAD build/sky/obj/frame802154.o
LOAD build/sky/obj/frame802154e-ie.o
LOAD build/sky/obj/framer-802154.o
LOAD build/sky/obj/gpio-hal.o
LOAD build/sky/obj/heapmem.o
LOAD build/sky/obj/hexconv.o
LOAD build/sky/obj/i2c.o
LOAD build/sky/obj/ifft.o
LOAD build/sky/obj/int-master.o
LOAD build/sky/obj/ip64-addr.o
LOAD build/sky/obj/leds-arch.o
LOAD build/sky/obj/leds-example.o
LOAD build/sky/obj/leds.o
LOAD build/sky/obj/light-sensor.o
LOAD build/sky/obj/link-stats.o
LOAD build/sky/obj/linkaddr.o
LOAD build/sky/obj/list.o
LOAD build/sky/obj/log.o
LOAD build/sky/obj/lpm.o
LOAD build/sky/obj/mac-sequence.o
LOAD build/sky/obj/mac.o
LOAD build/sky/obj/memb.o
LOAD build/sky/obj/msp430.o
LOAD build/sky/obj/mutex.o
LOAD build/sky/obj/nbr-table.o
LOAD build/sky/obj/net-debug.o
LOAD build/sky/obj/netstack.o
LOAD build/sky/obj/node-id.o
LOAD build/sky/obj/nullframer.o
LOAD build/sky/obj/nullradio.o
LOAD build/sky/obj/packetbuf.o
LOAD build/sky/obj/platform.o
LOAD build/sky/obj/process.o
LOAD build/sky/obj/psock.o
LOAD build/sky/obj/queuebuf.o
LOAD build/sky/obj/random.o
LOAD build/sky/obj/ringbuf.o
LOAD build/sky/obj/ringbufindex.o
LOAD build/sky/obj/rpl-dag-root.o
LOAD build/sky/obj/rpl-dag.o
LOAD build/sky/obj/rpl-ext-header.o
LOAD build/sky/obj/rpl-icmp6.o
LOAD build/sky/obj/rpl-mrhof.o
LOAD build/sky/obj/rpl-nbr-policy.o
LOAD build/sky/obj/rpl-neighbor.o
LOAD build/sky/obj/rpl-of0.o
LOAD build/sky/obj/rpl-timers.o
LOAD build/sky/obj/rpl.o
LOAD build/sky/obj/rtimer-arch.o
LOAD build/sky/obj/rtimer.o
LOAD build/sky/obj/sensors.o
LOAD build/sky/obj/serial-line.o
LOAD build/sky/obj/sht11-sensor.o
LOAD build/sky/obj/sht11.o
LOAD build/sky/obj/sicslowpan.o
LOAD build/sky/obj/simple-udp.o
LOAD build/sky/obj/sky-sensors.o
LOAD build/sky/obj/slip.o
LOAD build/sky/obj/slip_uart1.o
LOAD build/sky/obj/spi-legacy.o
LOAD build/sky/obj/spi.o
LOAD build/sky/obj/stack-check.o
LOAD build/sky/obj/stimer.o
LOAD build/sky/obj/tcp-socket.o
LOAD build/sky/obj/tcpip.o
LOAD build/sky/obj/timer.o
LOAD build/sky/obj/trickle-timer.o
LOAD build/sky/obj/uart1-putchar.o
LOAD build/sky/obj/uart1.o
LOAD build/sky/obj/udp-socket.o
LOAD build/sky/obj/uip-ds6-nbr.o
LOAD build/sky/obj/uip-ds6-route.o
LOAD build/sky/obj/uip-ds6.o
LOAD build/sky/obj/uip-icmp6.o
LOAD build/sky/obj/uip-ipchksum.o
LOAD build/sky/obj/uip-nameserver.o
LOAD build/sky/obj/uip-nd6.o
LOAD build/sky/obj/uip-packetqueue.o
LOAD build/sky/obj/uip-sr.o
LOAD build/sky/obj/uip-udp-packet.o
LOAD build/sky/obj/uip6.o
LOAD build/sky/obj/uipbuf.o
LOAD build/sky/obj/uiplib.o
LOAD build/sky/obj/watchdog.o
LOAD build/sky/obj/xmem.o
LOAD /usr/local/bin/../lib/gcc/msp430/4.7.2/mmpy-16/libgcc.a
LOAD /usr/local/bin/../lib/gcc/msp430/4.7.2/../../../../msp430/lib/mmpy-16/libc.a
LOAD /usr/local/bin/../lib/gcc/msp430/4.7.2/mmpy-16/libgcc.a
LOAD /usr/local/bin/../lib/gcc/msp430/4.7.2/mmpy-16/libcrt0.a
                0x00000080                PROVIDE (__info_segment_size, 0x80)
                0x00001000                PROVIDE (__infob, 0x1000)
                0x00001080                PROVIDE (__infoa, 0x1080)
                0x00000000                __IE1 = 0x0
                0x00000002                __IFG1 = 0x2
                0x00000004                __ME1 = 0x4
                0x00000001                __IE2 = 0x1
                0x00000003                __IFG2 = 0x3
                0x00000005                __ME2 = 0x5
                0x00000120                __WDTCTL = 0x120
                0x00000130                __MPY = 0x130
                0x00000132                __MPYS = 0x132
                0x00000134                __MAC = 0x134
                0x00000136                __MACS = 0x136
                0x00000138                __OP2 = 0x138
                0x0000013a                __RESLO = 0x13a
                0x0000013c                __RESHI = 0x13c
                0x0000013e                __SUMEXT = 0x13e
                0x00000020                __P1IN = 0x20
                0x00000021                __P1OUT = 0x21
                0x00000022                __P1DIR = 0x22
                0x00000023                __P1IFG = 0x23
                0x00000024                __P1IES = 0x24
                0x00000025                __P1IE = 0x25
                0x00000026                __P1SEL = 0x26
                0x00000028                __P2IN = 0x28
                0x00000029                __P2OUT = 0x29
                0x0000002a                __P2DIR = 0x2a
                0x0000002b                __P2IFG = 0x2b
                0x0000002c                __P2IES = 0x2c
                0x0000002d                __P2IE = 0x2d
                0x0000002e                __P2SEL = 0x2e
                0x00000018                __P3IN = 0x18
                0x00000019                __P3OUT = 0x19
                0x0000001a                __P3DIR = 0x1a
                0x0000001b                __P3SEL = 0x1b
                0x0000001c                __P4IN = 0x1c
                0x0000001d                __P4OUT = 0x1d
                0x0000001e                __P4DIR = 0x1e
                0x0000001f                __P4SEL = 0x1f
                0x00000030                __P5IN = 0x30
                0x00000031                __P5OUT = 0x31
                0x00000032                __P5DIR = 0x32
                0x00000033                __P5SEL = 0x33
                0x00000034                __P6IN = 0x34
                0x00000035                __P6OUT = 0x35
                0x00000036                __P6DIR = 0x36
                0x00000037                __P6SEL = 0x37
                0x00000070                __U0CTL = 0x70
                0x00000071                __U0TCTL = 0x71
                0x00000072                __U0RCTL = 0x72
                0x00000073                __U0MCTL = 0x73
                0x00000074                __U0BR0 = 0x74
                0x00000075                __U0BR1 = 0x75
                0x00000076                __U0RXBUF = 0x76
                0x00000077                __U0TXBUF = 0x77
                0x00000078                __U1CTL = 0x78
                0x00000079                __U1TCTL = 0x79
                0x0000007a                __U1RCTL = 0x7a
                0x0000007b                __U1MCTL = 0x7b
                0x0000007c                __U1BR0 = 0x7c
                0x0000007d                __U1BR1 = 0x7d
                0x0000007e                __U1RXBUF = 0x7e
                0x0000007f                __U1TXBUF = 0x7f
                0x00000050                __I2CIE = 0x50
                0x00000051                __I2CIFG = 0x51
                0x00000052                __I2CNDAT = 0x52
                0x00000071                __I2CTCTL = 0x71
                0x00000072                __I2CDCTL = 0x72
                0x00000073                __I2CPSC = 0x73
                0x00000074                __I2CSCLH = 0x74
                0x00000075                __I2CSCLL = 0x75
                0x00000076                __I2CDRB = 0x76
                0x00000076                __I2CDRW = 0x76
                0x00000118                __I2COA = 0x118
                0x0000011a                __I2CSA = 0x11a
                0x0000011c                __I2CIV = 0x11c
                0x0000012e                __TAIV = 0x12e
                0x00000160                __TACTL = 0x160
                0x00000162                __TACCTL0 = 0x162
                0x00000164                __TACCTL1 = 0x164
                0x00000166                __TACCTL2 = 0x166
                0x00000170                __TAR = 0x170
                0x00000172                __TACCR0 = 0x172
                0x00000174                __TACCR1 = 0x174
                0x00000176                __TACCR2 = 0x176
                0x0000011e                __TBIV = 0x11e
                0x00000180                __TBCTL = 0x180
                0x00000182                __TBCCTL0 = 0x182
                0x00000184                __TBCCTL1 = 0x184
                0x00000186                __TBCCTL2 = 0x186
                0x00000188                __TBCCTL3 = 0x188
                0x0000018a                __TBCCTL4 = 0x18a
                0x0000018c                __TBCCTL5 = 0x18c
                0x0000018e                __TBCCTL6 = 0x18e
                0x00000190                __TBR = 0x190
                0x00000192                __TBCCR0 = 0x192
                0x00000194                __TBCCR1 = 0x194
                0x00000196                __TBCCR2 = 0x196
                0x00000198                __TBCCR3 = 0x198
                0x0000019a                __TBCCR4 = 0x19a
                0x0000019c                __TBCCR5 = 0x19c
                0x0000019e                __TBCCR6 = 0x19e
                0x00000056                __DCOCTL = 0x56
                0x00000057                __BCSCTL1 = 0x57
                0x00000058                __BCSCTL2 = 0x58
                0x00000055                __SVSCTL = 0x55
                0x00000128                __FCTL1 = 0x128
                0x0000012a                __FCTL2 = 0x12a
                0x0000012c                __FCTL3 = 0x12c
                0x00000059                __CACTL1 = 0x59
                0x0000005a                __CACTL2 = 0x5a
                0x0000005b                __CAPD = 0x5b
                0x000001a0                __ADC12CTL0 = 0x1a0
                0x000001a2                __ADC12CTL1 = 0x1a2
                0x000001a4                __ADC12IFG = 0x1a4
                0x000001a6                __ADC12IE = 0x1a6
                0x000001a8                __ADC12IV = 0x1a8
                0x00000140                __ADC12MEM0 = 0x140
                0x00000142                __ADC12MEM1 = 0x142
                0x00000144                __ADC12MEM2 = 0x144
                0x00000146                __ADC12MEM3 = 0x146
                0x00000148                __ADC12MEM4 = 0x148
                0x0000014a                __ADC12MEM5 = 0x14a
                0x0000014c                __ADC12MEM6 = 0x14c
                0x0000014e                __ADC12MEM7 = 0x14e
                0x00000150                __ADC12MEM8 = 0x150
                0x00000152                __ADC12MEM9 = 0x152
                0x00000154                __ADC12MEM10 = 0x154
                0x00000156                __ADC12MEM11 = 0x156
                0x00000158                __ADC12MEM12 = 0x158
                0x0000015a                __ADC12MEM13 = 0x15a
                0x0000015c                __ADC12MEM14 = 0x15c
                0x0000015e                __ADC12MEM15 = 0x15e
                0x00000080                __ADC12MCTL0 = 0x80
                0x00000081                __ADC12MCTL1 = 0x81
                0x00000082                __ADC12MCTL2 = 0x82
                0x00000083                __ADC12MCTL3 = 0x83
                0x00000084                __ADC12MCTL4 = 0x84
                0x00000085                __ADC12MCTL5 = 0x85
                0x00000086                __ADC12MCTL6 = 0x86
                0x00000087                __ADC12MCTL7 = 0x87
                0x00000088                __ADC12MCTL8 = 0x88
                0x00000089                __ADC12MCTL9 = 0x89
                0x0000008a                __ADC12MCTL10 = 0x8a
                0x0000008b                __ADC12MCTL11 = 0x8b
                0x0000008c                __ADC12MCTL12 = 0x8c
                0x0000008d                __ADC12MCTL13 = 0x8d
                0x0000008e                __ADC12MCTL14 = 0x8e
                0x0000008f                __ADC12MCTL15 = 0x8f
                0x000001c0                __DAC12_0CTL = 0x1c0
                0x000001c2                __DAC12_1CTL = 0x1c2
                0x000001c8                __DAC12_0DAT = 0x1c8
                0x000001ca                __DAC12_1DAT = 0x1ca
                0x00000122                __DMACTL0 = 0x122
                0x00000124                __DMACTL1 = 0x124
                0x000001e0                __DMA0CTL = 0x1e0
                0x000001e8                __DMA1CTL = 0x1e8
                0x000001f0                __DMA2CTL = 0x1f0
                0x000001e2                __DMA0SA = 0x1e2
                0x000001e4                __DMA0DA = 0x1e4
                0x000001e6                __DMA0SZ = 0x1e6
                0x000001ea                __DMA1SA = 0x1ea
                0x000001ec                __DMA1DA = 0x1ec
                0x000001ee                __DMA1SZ = 0x1ee
                0x000001f2                __DMA2SA = 0x1f2
                0x000001f4                __DMA2DA = 0x1f4
                0x000001f6                __DMA2SZ = 0x1f6

.hash
 *(SORT(.hash))

.dynsym
 *(SORT(.dynsym))

.dynstr
 *(SORT(.dynstr))

.gnu.version
 *(SORT(.gnu.version))

.gnu.version_d
 *(SORT(.gnu.version_d))

.gnu.version_r
 *(SORT(.gnu.version_r))

.rel.init
 *(SORT(.rel.init))

.rela.init
 *(SORT(.rela.init))

.rel.fini
 *(SORT(.rel.fini))

.rela.fini
 *(SORT(.rela.fini))

.rel.text
 *(SORT(.rel.text) SORT(.rel.text.*) SORT(.rel.gnu.linkonce.t.*))

.rela.text
 *(SORT(.rela.text) SORT(.rela.text.*) SORT(.rela.gnu.linkonce.t.*))

.rel.rodata
 *(SORT(.rel.rodata) SORT(.rel.rodata.*) SORT(.rel.gnu.linkonce.r.*))

.rela.rodata
 *(SORT(.rela.rodata) SORT(.rela.rodata.*) SORT(.rela.gnu.linkonce.r.*))

.rel.data
 *(SORT(.rel.data) SORT(.rel.data.*) SORT(.rel.gnu.linkonce.d.*))

.rela.data
 *(SORT(.rela.data) SORT(.rela.data.*) SORT(.rela.gnu.linkonce.d.*))

.rel.bss
 *(SORT(.rel.bss) SORT(.rel.bss.*) SORT(.rel.gnu.linkonce.b.*))

.rela.bss
 *(SORT(.rela.bss) SORT(.rela.bss.*) SORT(.rela.gnu.linkonce.b.*))

.rel.ctors
 *(SORT(.rel.ctors))

.rela.ctors
 *(SORT(.rela.ctors))

.rel.dtors
 *(SORT(.rel.dtors))

.rela.dtors
 *(SORT(.rela.dtors))

.rel.got
 *(SORT(.rel.got))

.rela.got
 *(SORT(.rela.got))

.rel.plt
 *(SORT(.rel.plt))

.rela.plt
 *(SORT(.rela.plt))

.text           0x00004000     0xa2cc
                0x00004000                . = ALIGN (0x2)
 *(SORT(.init) SORT(.init.*))
 *(SORT(.init0))
 .init0         0x00004000        0x0 /usr/local/bin/../lib/gcc/msp430/4.7.2/mmpy-16/libcrt0.a(_reset_vector__.o)
                0x00004000                _reset_vector__
 *(SORT(.init1))
 .init1         0x00004000        0xc /usr/local/bin/../lib/gcc/msp430/4.7.2/mmpy-16/libcrt0.a(__watchdog_support.o)
                0x00004000                __watchdog_support
 *(SORT(.init2))
 .init2         0x0000400c        0x4 /usr/local/bin/../lib/gcc/msp430/4.7.2/mmpy-16/libcrt0.a(__init_stack.o)
                0x0000400c                __init_stack
 *(SORT(.init3))
 .init3         0x00004010        0x0 /usr/local/bin/../lib/gcc/msp430/4.7.2/mmpy-16/libcrt0.a(__low_level_init.o)
                0x00004010                __low_level_init
 *(SORT(.init4))
 .init4         0x00004010       0x18 /usr/local/bin/../lib/gcc/msp430/4.7.2/mmpy-16/libcrt0.a(_copy_data.o)
                0x00004010                __do_copy_data
 .init4         0x00004028       0x16 /usr/local/bin/../lib/gcc/msp430/4.7.2/mmpy-16/libcrt0.a(_clear_bss.o)
                0x00004028                __do_clear_bss
 *(SORT(.init5))
 *(SORT(.init6))
 *(SORT(.init7))
 *(SORT(.init8))
 *(SORT(.init9))
 .init9         0x0000403e      0x232 build/sky/obj/contiki-main.o
                0x0000403e                main
 *(SORT(.fini9))
 .fini9         0x00004270        0x0 /usr/local/bin/../lib/gcc/msp430/4.7.2/mmpy-16/libcrt0.a(__stop_progExec__.o)
                0x00004270                __stop_progExec__
 *(SORT(.fini8))
 *(SORT(.fini7))
 *(SORT(.fini6))
 *(SORT(.fini5))
 *(SORT(.fini4))
 *(SORT(.fini3))
 *(SORT(.fini2))
 *(SORT(.fini1))
 *(SORT(.fini0))
 .fini0         0x00004270        0x6 /usr/local/bin/../lib/gcc/msp430/4.7.2/mmpy-16/libcrt0.a(_endless_loop__.o)
                0x00004270                _endless_loop__
 *(SORT(.fini) SORT(.fini.*))
                0x00004276                . = ALIGN (0x2)
                0x00004276                __ctors_start = .
 *(SORT(.ctors))
                0x00004276                __ctors_end = .
                0x00004276                __dtors_start = .
 *(SORT(.dtors))
                0x00004276                __dtors_end = .
                0x00004276                . = ALIGN (0x2)
 *(SORT(.text) SORT(.text.*) SORT(.gnu.linkonce.t.*))
 .text          0x00004276        0x4 /usr/local/bin/../lib/gcc/msp430/4.7.2/mmpy-16/crt0ivtbl16.o
                0x00004276                __isr_14
                0x00004276                __isr_11
                0x00004276                __isr_2
                0x00004276                __isr_7
                0x00004276                __isr_0
                0x00004276                __isr_8
                0x00004276                __isr_3
                0x00004276                __isr_13
                0x00004276                __isr_9
 .text.autostart_start
                0x0000427a       0x16 build/sky/obj/autostart.o
                0x0000427a                autostart_start
 .text.status   0x00004290       0x18 build/sky/obj/button-sensor.o
 .text.value    0x000042a8       0x20 build/sky/obj/button-sensor.o
 .text.configure
                0x000042c8       0x4c build/sky/obj/button-sensor.o
 .text.irq_p2   0x00004314       0x46 build/sky/obj/button-sensor.o
                0x00004314                irq_p2
                0x00004314                __isr_1
 .text.cc2420_timerb1_interrupt
                0x0000435a       0x26 build/sky/obj/cc2420-arch-sfd.o
                0x0000435a                cc2420_timerb1_interrupt
                0x0000435a                __isr_12
 .text.cc2420_port1_interrupt
                0x00004380       0x20 build/sky/obj/cc2420-arch.o
                0x00004380                __isr_4
                0x00004380                cc2420_port1_interrupt
 .text.cc2420_arch_init
                0x000043a0       0x1a build/sky/obj/cc2420-arch.o
                0x000043a0                cc2420_arch_init
 .text.get_object
                0x000043ba        0x4 build/sky/obj/cc2420.o
 .text.set_object
                0x000043be        0x4 build/sky/obj/cc2420.o
 .text.strobe   0x000043c2       0x1c build/sky/obj/cc2420.o
 .text.getreg   0x000043de       0x4c build/sky/obj/cc2420.o
 .text.setreg   0x0000442a       0x4c build/sky/obj/cc2420.o
 .text.write_ram
                0x00004476       0x7c build/sky/obj/cc2420.o
 .text.write_fifo_buf
                0x000044f2       0x3c build/sky/obj/cc2420.o
 .text.get_status
                0x0000452e       0x20 build/sky/obj/cc2420.o
 .text.on       0x0000454e       0x1a build/sky/obj/cc2420.o
 .text.cc2420_receiving_packet
                0x00004568        0xc build/sky/obj/cc2420.o
 .text.pending_packet
                0x00004574        0x8 build/sky/obj/cc2420.o
 .text.wait_for_transmission
                0x0000457c       0x22 build/sky/obj/cc2420.o
 .text.wait_for_status
                0x0000459e       0x28 build/sky/obj/cc2420.o
 .text.getrxdata
                0x000045c6       0x50 build/sky/obj/cc2420.o
 .text.flushrx  0x00004616       0x1a build/sky/obj/cc2420.o
 .text.off      0x00004630       0x28 build/sky/obj/cc2420.o
 .text.RELEASE_LOCK
                0x00004658       0x28 build/sky/obj/cc2420.o
 .text.set_key  0x00004680       0x18 build/sky/obj/cc2420.o
 .text.set_frame_filtering
                0x00004698       0x30 build/sky/obj/cc2420.o
 .text.set_auto_ack
                0x000046c8       0x30 build/sky/obj/cc2420.o
 .text.set_poll_mode
                0x000046f8       0x2c build/sky/obj/cc2420.o
 .text.cc2420_prepare
                0x00004724       0x46 build/sky/obj/cc2420.o
 .text.cc2420_on
                0x0000476a       0x22 build/sky/obj/cc2420.o
                0x0000476a                cc2420_on
 .text.cc2420_transmit
                0x0000478c       0x66 build/sky/obj/cc2420.o
 .text.cc2420_send
                0x000047f2       0x12 build/sky/obj/cc2420.o
 .text.cc2420_off
                0x00004804       0x30 build/sky/obj/cc2420.o
                0x00004804                cc2420_off
 .text.cc2420_cca
                0x00004834       0x68 build/sky/obj/cc2420.o
 .text.cc2420_read
                0x0000489c       0xbe build/sky/obj/cc2420.o
 .text.process_thread_cc2420_process
                0x0000495a       0x62 build/sky/obj/cc2420.o
 .text.encrypt  0x000049bc       0x88 build/sky/obj/cc2420.o
 .text.cc2420_set_channel
                0x00004a44       0x3c build/sky/obj/cc2420.o
                0x00004a44                cc2420_set_channel
 .text.cc2420_set_pan_addr
                0x00004a80       0x4c build/sky/obj/cc2420.o
                0x00004a80                cc2420_set_pan_addr
 .text.cc2420_interrupt
                0x00004acc       0x16 build/sky/obj/cc2420.o
                0x00004acc                cc2420_interrupt
 .text.cc2420_set_txpower
                0x00004ae2       0x2c build/sky/obj/cc2420.o
                0x00004ae2                cc2420_set_txpower
 .text.cc2420_get_txpower
                0x00004b0e       0x1e build/sky/obj/cc2420.o
                0x00004b0e                cc2420_get_txpower
 .text.cc2420_rssi
                0x00004b2c       0x4c build/sky/obj/cc2420.o
                0x00004b2c                cc2420_rssi
 .text.get_value
                0x00004b78      0x11e build/sky/obj/cc2420.o
 .text.cc2420_set_cca_threshold
                0x00004c96       0x16 build/sky/obj/cc2420.o
                0x00004c96                cc2420_set_cca_threshold
 .text.set_value
                0x00004cac      0x150 build/sky/obj/cc2420.o
 .text.cc2420_init
                0x00004dfc       0xea build/sky/obj/cc2420.o
                0x00004dfc                cc2420_init
 .text.timera1  0x00004ee6       0xdc build/sky/obj/clock.o
                0x00004ee6                __isr_5
                0x00004ee6                timera1
 .text.clock_time
                0x00004fc2       0x1a build/sky/obj/clock.o
                0x00004fc2                clock_time
 .text.clock_init
                0x00004fdc       0x28 build/sky/obj/clock.o
                0x00004fdc                clock_init
 .text.clock_delay
                0x00005004        0xc build/sky/obj/clock.o
                0x00005004                clock_delay
 .text.clock_seconds
                0x00005010       0x1a build/sky/obj/clock.o
                0x00005010                clock_seconds
 .text.init_platform
                0x0000502a        0xc build/sky/obj/contiki-sky-platform.o
                0x0000502a                init_platform
 .text.schedule_transmission
                0x00005036       0x70 build/sky/obj/csma-output.o
 .text.tx_done  0x000050a6       0x9a build/sky/obj/csma-output.o
 .text.transmit_from_queue
                0x00005140      0x1bc build/sky/obj/csma-output.o
 .text.csma_output_packet
                0x000052fc      0x186 build/sky/obj/csma-output.o
                0x000052fc                csma_output_packet
 .text.csma_output_init
                0x00005482       0x1a build/sky/obj/csma-output.o
                0x00005482                csma_output_init
 .text.csma_security_create_frame
                0x0000549c       0x10 build/sky/obj/csma-security.o
                0x0000549c                csma_security_create_frame
 .text.csma_security_parse_frame
                0x000054ac        0x6 build/sky/obj/csma-security.o
                0x000054ac                csma_security_parse_frame
 .text.on       0x000054b2        0x6 build/sky/obj/csma.o
 .text.off      0x000054b8        0x6 build/sky/obj/csma.o
 .text.max_payload
                0x000054be       0x38 build/sky/obj/csma.o
 .text.send_packet
                0x000054f6        0x6 build/sky/obj/csma.o
 .text.init     0x000054fc       0x1c build/sky/obj/csma.o
 .text.input_packet
                0x00005518       0x58 build/sky/obj/csma.o
 .text.process_thread_ctimer_process
                0x00005570       0xa8 build/sky/obj/ctimer.o
 .text.ctimer_init
                0x00005618       0x18 build/sky/obj/ctimer.o
                0x00005618                ctimer_init
 .text.ctimer_set_with_process
                0x00005630       0x4e build/sky/obj/ctimer.o
                0x00005630                ctimer_set_with_process
 .text.ctimer_set
                0x0000567e       0x10 build/sky/obj/ctimer.o
                0x0000567e                ctimer_set
 .text.ctimer_reset
                0x0000568e       0x30 build/sky/obj/ctimer.o
                0x0000568e                ctimer_reset
 .text.ctimer_stop
                0x000056be       0x28 build/sky/obj/ctimer.o
                0x000056be                ctimer_stop
 .text.ctimer_expired
                0x000056e6       0x30 build/sky/obj/ctimer.o
                0x000056e6                ctimer_expired
 .text.owreadb  0x00005716       0x50 build/sky/obj/ds2411.o
 .text.ds2411_init
                0x00005766      0x120 build/sky/obj/ds2411.o
                0x00005766                ds2411_init
 .text.energest_init
                0x00005886        0x2 build/sky/obj/energest.o
                0x00005886                energest_init
 .text.energest_flush
                0x00005888        0x2 build/sky/obj/energest.o
                0x00005888                energest_flush
 .text.update_time
                0x0000588a       0x78 build/sky/obj/etimer.o
 .text.etimer_request_poll
                0x00005902        0xa build/sky/obj/etimer.o
                0x00005902                etimer_request_poll
 .text.process_thread_etimer_process
                0x0000590c       0xcc build/sky/obj/etimer.o
 .text.add_timer
                0x000059d8       0x40 build/sky/obj/etimer.o
 .text.etimer_set
                0x00005a18       0x12 build/sky/obj/etimer.o
                0x00005a18                etimer_set
 .text.etimer_reset
                0x00005a2a       0x12 build/sky/obj/etimer.o
                0x00005a2a                etimer_reset
 .text.etimer_expired
                0x00005a3c        0xe build/sky/obj/etimer.o
                0x00005a3c                etimer_expired
 .text.etimer_pending
                0x00005a4a        0xc build/sky/obj/etimer.o
                0x00005a4a                etimer_pending
 .text.etimer_next_expiration_time
                0x00005a56       0x16 build/sky/obj/etimer.o
                0x00005a56                etimer_next_expiration_time
 .text.etimer_stop
                0x00005a6c       0x3e build/sky/obj/etimer.o
                0x00005a6c                etimer_stop
 .text.frame802154_get_pan_id
                0x00005aaa        0x6 build/sky/obj/frame802154.o
                0x00005aaa                frame802154_get_pan_id
 .text.frame802154_has_panid
                0x00005ab0       0xe0 build/sky/obj/frame802154.o
                0x00005ab0                frame802154_has_panid
 .text.field_len
                0x00005b90       0xac build/sky/obj/frame802154.o
 .text.frame802154_is_broadcast_addr
                0x00005c3c       0x28 build/sky/obj/frame802154.o
                0x00005c3c                frame802154_is_broadcast_addr
 .text.frame802154_hdrlen
                0x00005c64       0x32 build/sky/obj/frame802154.o
                0x00005c64                frame802154_hdrlen
 .text.frame802154_create_fcf
                0x00005c96       0x96 build/sky/obj/frame802154.o
                0x00005c96                frame802154_create_fcf
 .text.frame802154_create
                0x00005d2c       0xe4 build/sky/obj/frame802154.o
                0x00005d2c                frame802154_create
 .text.frame802154_parse_fcf
                0x00005e10       0xbc build/sky/obj/frame802154.o
                0x00005e10                frame802154_parse_fcf
 .text.frame802154_parse
                0x00005ecc      0x168 build/sky/obj/frame802154.o
                0x00005ecc                frame802154_parse
 .text.parse    0x00006034       0xa0 build/sky/obj/framer-802154.o
 .text.framer_802154_setup_params
                0x000060d4       0xb8 build/sky/obj/framer-802154.o
                0x000060d4                framer_802154_setup_params
 .text.create_frame
                0x0000618c       0xde build/sky/obj/framer-802154.o
 .text.create   0x0000626a        0x8 build/sky/obj/framer-802154.o
 .text.hdr_length
                0x00006272        0x8 build/sky/obj/framer-802154.o
 .text.leds_arch_init
                0x0000627a        0xe build/sky/obj/leds-arch.o
                0x0000627a                leds_arch_init
 .text.leds_arch_get
                0x00006288       0x34 build/sky/obj/leds-arch.o
                0x00006288                leds_arch_get
 .text.leds_arch_set
                0x000062bc       0x3e build/sky/obj/leds-arch.o
                0x000062bc                leds_arch_set
 .text.process_thread_leds_example
                0x000062fa       0x96 build/sky/obj/leds-example.o
 .text.leds_init
                0x00006390        0x6 build/sky/obj/leds.o
                0x00006390                leds_init
 .text.leds_set
                0x00006396        0x6 build/sky/obj/leds.o
                0x00006396                leds_set
 .text.leds_on  0x0000639c       0x12 build/sky/obj/leds.o
                0x0000639c                leds_on
 .text.leds_off
                0x000063ae       0x12 build/sky/obj/leds.o
                0x000063ae                leds_off
 .text.leds_toggle
                0x000063c0       0x12 build/sky/obj/leds.o
                0x000063c0                leds_toggle
 .text.periodic
                0x000063d2       0x28 build/sky/obj/link-stats.o
 .text.link_stats_from_lladdr
                0x000063fa        0xc build/sky/obj/link-stats.o
                0x000063fa                link_stats_from_lladdr
 .text.link_stats_is_fresh
                0x00006406       0x30 build/sky/obj/link-stats.o
                0x00006406                link_stats_is_fresh
 .text.guess_etx_from_rssi
                0x00006436       0x44 build/sky/obj/link-stats.o
                0x00006436                guess_etx_from_rssi
 .text.link_stats_packet_sent
                0x0000647a       0xf4 build/sky/obj/link-stats.o
                0x0000647a                link_stats_packet_sent
 .text.link_stats_input_callback
                0x0000656e       0xc6 build/sky/obj/link-stats.o
                0x0000656e                link_stats_input_callback
 .text.link_stats_reset
                0x00006634       0x2a build/sky/obj/link-stats.o
                0x00006634                link_stats_reset
 .text.link_stats_init
                0x0000665e       0x22 build/sky/obj/link-stats.o
                0x0000665e                link_stats_init
 .text.linkaddr_copy
                0x00006680        0x8 build/sky/obj/linkaddr.o
                0x00006680                linkaddr_copy
 .text.linkaddr_cmp
                0x00006688       0x12 build/sky/obj/linkaddr.o
                0x00006688                linkaddr_cmp
 .text.linkaddr_set_node_addr
                0x0000669a        0xc build/sky/obj/linkaddr.o
                0x0000669a                linkaddr_set_node_addr
 .text.list_init
                0x000066a6        0x6 build/sky/obj/list.o
                0x000066a6                list_init
 .text.list_head
                0x000066ac        0x4 build/sky/obj/list.o
                0x000066ac                list_head
 .text.list_tail
                0x000066b0       0x12 build/sky/obj/list.o
                0x000066b0                list_tail
 .text.list_remove
                0x000066c2       0x34 build/sky/obj/list.o
                0x000066c2                list_remove
 .text.list_push
                0x000066f6       0x1a build/sky/obj/list.o
                0x000066f6                list_push
 .text.list_add
                0x00006710       0x2a build/sky/obj/list.o
                0x00006710                list_add
 .text.list_length
                0x0000673a       0x10 build/sky/obj/list.o
                0x0000673a                list_length
 .text.list_item_next
                0x0000674a        0xc build/sky/obj/list.o
                0x0000674a                list_item_next
 .text.log_6addr
                0x00006756       0x32 build/sky/obj/log.o
                0x00006756                log_6addr
 .text.log_lladdr
                0x00006788       0x44 build/sky/obj/log.o
                0x00006788                log_lladdr
 .text.mac_sequence_is_duplicate
                0x000067cc       0x84 build/sky/obj/mac-sequence.o
                0x000067cc                mac_sequence_is_duplicate
 .text.mac_sequence_register_seqno
                0x00006850       0x90 build/sky/obj/mac-sequence.o
                0x00006850                mac_sequence_register_seqno
 .text.mac_call_sent_callback
                0x000068e0       0x14 build/sky/obj/mac.o
                0x000068e0                mac_call_sent_callback
 .text.memb_init
                0x000068f4       0x36 build/sky/obj/memb.o
                0x000068f4                memb_init
 .text.memb_alloc
                0x0000692a       0x3e build/sky/obj/memb.o
                0x0000692a                memb_alloc
 .text.memb_free
                0x00006968       0x32 build/sky/obj/memb.o
                0x00006968                memb_free
 .text.memb_inmemb
                0x0000699a       0x2a build/sky/obj/memb.o
                0x0000699a                memb_inmemb
 .text.memb_numfree
                0x000069c4       0x26 build/sky/obj/memb.o
                0x000069c4                memb_numfree
 .text.msp430_init_dco
                0x000069ea       0x82 build/sky/obj/msp430.o
                0x000069ea                msp430_init_dco
 .text.msp430_add_lpm_req
                0x00006a6c        0xc build/sky/obj/msp430.o
                0x00006a6c                msp430_add_lpm_req
 .text.msp430_cpu_init
                0x00006a78       0x2a build/sky/obj/msp430.o
                0x00006a78                msp430_cpu_init
 .text.splhigh_
                0x00006aa2        0xa build/sky/obj/msp430.o
                0x00006aa2                splhigh_
 .text.msp430_sync_dco
                0x00006aac       0x6c build/sky/obj/msp430.o
                0x00006aac                msp430_sync_dco
 .text.item_from_index
                0x00006b18       0x2a build/sky/obj/nbr-table.o
 .text.index_from_key
                0x00006b42       0x26 build/sky/obj/nbr-table.o
 .text.index_from_item
                0x00006b68       0x1e build/sky/obj/nbr-table.o
 .text.nbr_set_bit
                0x00006b86       0x58 build/sky/obj/nbr-table.o
 .text.index_from_lladdr
                0x00006bde       0x42 build/sky/obj/nbr-table.o
 .text.nbr_get_bit.constprop.3
                0x00006c20       0x2e build/sky/obj/nbr-table.o
 .text.remove_key
                0x00006c4e       0x84 build/sky/obj/nbr-table.o
 .text.nbr_table_is_registered
                0x00006cd2       0x22 build/sky/obj/nbr-table.o
                0x00006cd2                nbr_table_is_registered
 .text.nbr_table_register
                0x00006cf4       0x40 build/sky/obj/nbr-table.o
                0x00006cf4                nbr_table_register
 .text.nbr_table_next
                0x00006d34       0x54 build/sky/obj/nbr-table.o
                0x00006d34                nbr_table_next
 .text.nbr_table_head
                0x00006d88       0x3a build/sky/obj/nbr-table.o
                0x00006d88                nbr_table_head
 .text.nbr_table_get_from_lladdr
                0x00006dc2       0x2c build/sky/obj/nbr-table.o
                0x00006dc2                nbr_table_get_from_lladdr
 .text.entry_is_allowed.isra.2
                0x00006dee       0x82 build/sky/obj/nbr-table.o
 .text.nbr_table_add_lladdr
                0x00006e70       0xc2 build/sky/obj/nbr-table.o
                0x00006e70                nbr_table_add_lladdr
 .text.nbr_table_remove
                0x00006f32       0x32 build/sky/obj/nbr-table.o
                0x00006f32                nbr_table_remove
 .text.nbr_table_lock
                0x00006f64       0x10 build/sky/obj/nbr-table.o
                0x00006f64                nbr_table_lock
 .text.nbr_table_unlock
                0x00006f74       0x10 build/sky/obj/nbr-table.o
                0x00006f74                nbr_table_unlock
 .text.nbr_table_get_lladdr
                0x00006f84       0x22 build/sky/obj/nbr-table.o
                0x00006f84                nbr_table_get_lladdr
 .text.netstack_process_ip_callback
                0x00006fa6       0x4e build/sky/obj/netstack.o
                0x00006fa6                netstack_process_ip_callback
 .text.netstack_init
                0x00006ff4        0xe build/sky/obj/netstack.o
                0x00006ff4                netstack_init
 .text.node_id_init
                0x00007002       0x14 build/sky/obj/node-id.o
                0x00007002                node_id_init
 .text.packetbuf_hdrreduce
                0x00007016       0x1a build/sky/obj/packetbuf.o
                0x00007016                packetbuf_hdrreduce
 .text.packetbuf_set_datalen
                0x00007030        0x6 build/sky/obj/packetbuf.o
                0x00007030                packetbuf_set_datalen
 .text.packetbuf_hdrptr
                0x00007036        0x6 build/sky/obj/packetbuf.o
                0x00007036                packetbuf_hdrptr
 .text.packetbuf_datalen
                0x0000703c        0x6 build/sky/obj/packetbuf.o
                0x0000703c                packetbuf_datalen
 .text.packetbuf_hdrlen
                0x00007042        0xa build/sky/obj/packetbuf.o
                0x00007042                packetbuf_hdrlen
 .text.packetbuf_dataptr
                0x0000704c        0xc build/sky/obj/packetbuf.o
                0x0000704c                packetbuf_dataptr
 .text.packetbuf_copyto
                0x00007058       0x46 build/sky/obj/packetbuf.o
                0x00007058                packetbuf_copyto
 .text.packetbuf_totlen
                0x0000709e        0xc build/sky/obj/packetbuf.o
                0x0000709e                packetbuf_totlen
 .text.packetbuf_hdralloc
                0x000070aa       0x3c build/sky/obj/packetbuf.o
                0x000070aa                packetbuf_hdralloc
 .text.packetbuf_attr_clear
                0x000070e6       0x28 build/sky/obj/packetbuf.o
                0x000070e6                packetbuf_attr_clear
 .text.packetbuf_clear
                0x0000710e       0x12 build/sky/obj/packetbuf.o
                0x0000710e                packetbuf_clear
 .text.packetbuf_copyfrom
                0x00007120       0x2e build/sky/obj/packetbuf.o
                0x00007120                packetbuf_copyfrom
 .text.packetbuf_attr_copyto
                0x0000714e       0x22 build/sky/obj/packetbuf.o
                0x0000714e                packetbuf_attr_copyto
 .text.packetbuf_attr_copyfrom
                0x00007170       0x24 build/sky/obj/packetbuf.o
                0x00007170                packetbuf_attr_copyfrom
 .text.packetbuf_set_attr
                0x00007194        0xc build/sky/obj/packetbuf.o
                0x00007194                packetbuf_set_attr
 .text.packetbuf_attr
                0x000071a0        0xa build/sky/obj/packetbuf.o
                0x000071a0                packetbuf_attr
 .text.packetbuf_set_addr
                0x000071aa       0x18 build/sky/obj/packetbuf.o
                0x000071aa                packetbuf_set_addr
 .text.packetbuf_addr
                0x000071c2       0x12 build/sky/obj/packetbuf.o
                0x000071c2                packetbuf_addr
 .text.packetbuf_holds_broadcast
                0x000071d4        0xe build/sky/obj/packetbuf.o
                0x000071d4                packetbuf_holds_broadcast
 .text.platform_init_stage_one
                0x000071e2       0x12 build/sky/obj/platform.o
                0x000071e2                platform_init_stage_one
 .text.platform_init_stage_two
                0x000071f4       0x64 build/sky/obj/platform.o
                0x000071f4                platform_init_stage_two
 .text.platform_init_stage_three
                0x00007258       0x7a build/sky/obj/platform.o
                0x00007258                platform_init_stage_three
 .text.platform_idle
                0x000072d2       0x54 build/sky/obj/platform.o
                0x000072d2                platform_idle
 .text.call_process
                0x00007326       0x46 build/sky/obj/process.o
 .text.exit_process
                0x0000736c       0x96 build/sky/obj/process.o
 .text.do_poll  0x00007402       0x30 build/sky/obj/process.o
 .text.process_alloc_event
                0x00007432        0xe build/sky/obj/process.o
                0x00007432                process_alloc_event
 .text.process_init
                0x00007440       0x18 build/sky/obj/process.o
                0x00007440                process_init
 .text.process_run
                0x00007458       0x92 build/sky/obj/process.o
                0x00007458                process_run
 .text.process_nevents
                0x000074ea        0xe build/sky/obj/process.o
                0x000074ea                process_nevents
 .text.process_post
                0x000074f8       0x42 build/sky/obj/process.o
                0x000074f8                process_post
 .text.process_post_synch
                0x0000753a       0x12 build/sky/obj/process.o
                0x0000753a                process_post_synch
 .text.process_start
                0x0000754c       0x36 build/sky/obj/process.o
                0x0000754c                process_start
 .text.process_poll
                0x00007582       0x18 build/sky/obj/process.o
                0x00007582                process_poll
 .text.queuebuf_init
                0x0000759a       0x12 build/sky/obj/queuebuf.o
                0x0000759a                queuebuf_init
 .text.queuebuf_numfree
                0x000075ac        0xa build/sky/obj/queuebuf.o
                0x000075ac                queuebuf_numfree
 .text.queuebuf_new_from_packetbuf
                0x000075b6       0x52 build/sky/obj/queuebuf.o
                0x000075b6                queuebuf_new_from_packetbuf
 .text.queuebuf_update_attr_from_packetbuf
                0x00007608       0x12 build/sky/obj/queuebuf.o
                0x00007608                queuebuf_update_attr_from_packetbuf
 .text.queuebuf_free
                0x0000761a       0x2a build/sky/obj/queuebuf.o
                0x0000761a                queuebuf_free
 .text.queuebuf_to_packetbuf
                0x00007644       0x32 build/sky/obj/queuebuf.o
                0x00007644                queuebuf_to_packetbuf
 .text.random_init
                0x00007676        0x6 build/sky/obj/random.o
                0x00007676                random_init
 .text.random_rand
                0x0000767c        0x6 build/sky/obj/random.o
                0x0000767c                random_rand
 .text.rpl_dag_root_set_prefix
                0x00007682       0x62 build/sky/obj/rpl-dag-root.o
                0x00007682                rpl_dag_root_set_prefix
 .text.rpl_dag_root_start
                0x000076e4       0x8e build/sky/obj/rpl-dag-root.o
                0x000076e4                rpl_dag_root_start
 .text.rpl_dag_root_is_root
                0x00007772       0x14 build/sky/obj/rpl-dag-root.o
                0x00007772                rpl_dag_root_is_root
 .text.init_dag
                0x00007786       0x84 build/sky/obj/rpl-dag.o
 .text.process_dio_init_dag
                0x0000780a       0xb0 build/sky/obj/rpl-dag.o
 .text.rpl_dag_get_root_ipaddr
                0x000078ba       0x1e build/sky/obj/rpl-dag.o
                0x000078ba                rpl_dag_get_root_ipaddr
 .text.rpl_dag_leave
                0x000078d8       0x4a build/sky/obj/rpl-dag.o
                0x000078d8                rpl_dag_leave
 .text.rpl_dag_poison_and_leave
                0x00007922        0xc build/sky/obj/rpl-dag.o
                0x00007922                rpl_dag_poison_and_leave
 .text.rpl_dag_periodic
                0x0000792e       0x6a build/sky/obj/rpl-dag.o
                0x0000792e                rpl_dag_periodic
 .text.rpl_is_addr_in_our_dag
                0x00007998       0x34 build/sky/obj/rpl-dag.o
                0x00007998                rpl_is_addr_in_our_dag
 .text.rpl_local_repair
                0x000079cc       0x2a build/sky/obj/rpl-dag.o
                0x000079cc                rpl_local_repair
 .text.rpl_global_repair
                0x000079f6       0x2e build/sky/obj/rpl-dag.o
                0x000079f6                rpl_global_repair
 .text.rpl_dag_ready_to_advertise
                0x00007a24       0x22 build/sky/obj/rpl-dag.o
                0x00007a24                rpl_dag_ready_to_advertise
 .text.rpl_dag_update_state
                0x00007a46      0x140 build/sky/obj/rpl-dag.o
                0x00007a46                rpl_dag_update_state
 .text.rpl_process_dio
                0x00007b86      0x1b6 build/sky/obj/rpl-dag.o
                0x00007b86                rpl_process_dio
 .text.rpl_process_dis
                0x00007d3c       0x2a build/sky/obj/rpl-dag.o
                0x00007d3c                rpl_process_dis
 .text.rpl_process_dao
                0x00007d66       0x6c build/sky/obj/rpl-dag.o
                0x00007d66                rpl_process_dao
 .text.rpl_process_dao_ack
                0x00007dd2       0x54 build/sky/obj/rpl-dag.o
                0x00007dd2                rpl_process_dao_ack
 .text.rpl_process_hbh
                0x00007e26       0x2e build/sky/obj/rpl-dag.o
                0x00007e26                rpl_process_hbh
 .text.rpl_dag_init_root
                0x00007e54       0xbc build/sky/obj/rpl-dag.o
                0x00007e54                rpl_dag_init_root
 .text.rpl_dag_init
                0x00007f10       0x10 build/sky/obj/rpl-dag.o
                0x00007f10                rpl_dag_init
 .text.update_hbh_header
                0x00007f20       0x4a build/sky/obj/rpl-ext-header.o
 .text.rpl_ext_header_srh_get_next_hop
                0x00007f6a       0x84 build/sky/obj/rpl-ext-header.o
                0x00007f6a                rpl_ext_header_srh_get_next_hop
 .text.rpl_ext_header_srh_update
                0x00007fee      0x118 build/sky/obj/rpl-ext-header.o
                0x00007fee                rpl_ext_header_srh_update
 .text.rpl_ext_header_hbh_update
                0x00008106       0x9e build/sky/obj/rpl-ext-header.o
                0x00008106                rpl_ext_header_hbh_update
 .text.rpl_ext_header_remove
                0x000081a4       0xcc build/sky/obj/rpl-ext-header.o
                0x000081a4                rpl_ext_header_remove
 .text.rpl_ext_header_update
                0x00008270      0x2aa build/sky/obj/rpl-ext-header.o
                0x00008270                rpl_ext_header_update
 .text.get32    0x0000851a       0x46 build/sky/obj/rpl-icmp6.o
 .text.set32    0x00008560       0x2a build/sky/obj/rpl-icmp6.o
 .text.get16    0x0000858a        0xe build/sky/obj/rpl-icmp6.o
 .text.set16    0x00008598       0x10 build/sky/obj/rpl-icmp6.o
 .text.dao_ack_input
                0x000085a8       0x30 build/sky/obj/rpl-icmp6.o
 .text.dao_input
                0x000085d8      0x13c build/sky/obj/rpl-icmp6.o
 .text.dio_input
                0x00008714      0x29c build/sky/obj/rpl-icmp6.o
 .text.dis_input
                0x000089b0       0x1e build/sky/obj/rpl-icmp6.o
 .text.rpl_icmp6_update_nbr_table
                0x000089ce       0x36 build/sky/obj/rpl-icmp6.o
                0x000089ce                rpl_icmp6_update_nbr_table
 .text.rpl_icmp6_dis_output
                0x00008a04       0x34 build/sky/obj/rpl-icmp6.o
                0x00008a04                rpl_icmp6_dis_output
 .text.rpl_icmp6_dio_output
                0x00008a38      0x23a build/sky/obj/rpl-icmp6.o
                0x00008a38                rpl_icmp6_dio_output
 .text.rpl_icmp6_dao_output
                0x00008c72       0xe2 build/sky/obj/rpl-icmp6.o
                0x00008c72                rpl_icmp6_dao_output
 .text.rpl_icmp6_dao_ack_output
                0x00008d54       0x4e build/sky/obj/rpl-icmp6.o
                0x00008d54                rpl_icmp6_dao_ack_output
 .text.rpl_icmp6_init
                0x00008da2       0x22 build/sky/obj/rpl-icmp6.o
                0x00008da2                rpl_icmp6_init
 .text.reset    0x00008dc4        0x2 build/sky/obj/rpl-mrhof.o
 .text.update_metric_container
                0x00008dc6        0x6 build/sky/obj/rpl-mrhof.o
 .text.nbr_link_metric
                0x00008dcc       0x12 build/sky/obj/rpl-mrhof.o
 .text.nbr_has_usable_link
                0x00008dde       0x14 build/sky/obj/rpl-mrhof.o
 .text.nbr_path_cost
                0x00008df2       0x38 build/sky/obj/rpl-mrhof.o
 .text.within_hysteresis
                0x00008e2a       0x54 build/sky/obj/rpl-mrhof.o
 .text.nbr_is_acceptable_parent
                0x00008e7e       0x2c build/sky/obj/rpl-mrhof.o
 .text.rank_via_nbr
                0x00008eaa       0x48 build/sky/obj/rpl-mrhof.o
 .text.best_parent
                0x00008ef2       0x7c build/sky/obj/rpl-mrhof.o
 .text.get_rank
                0x00008f6e       0x16 build/sky/obj/rpl-nbr-policy.o
 .text.rpl_nbr_gc_get_worst
                0x00008f84       0x28 build/sky/obj/rpl-nbr-policy.o
                0x00008f84                rpl_nbr_gc_get_worst
 .text.remove_neighbor
                0x00008fac       0x24 build/sky/obj/rpl-neighbor.o
 .text.rpl_neighbor_get_from_lladdr
                0x00008fd0        0xc build/sky/obj/rpl-neighbor.o
                0x00008fd0                rpl_neighbor_get_from_lladdr
 .text.rpl_neighbor_rank_via_nbr
                0x00008fdc       0x18 build/sky/obj/rpl-neighbor.o
                0x00008fdc                rpl_neighbor_rank_via_nbr
 .text.rpl_neighbor_get_lladdr
                0x00008ff4        0xc build/sky/obj/rpl-neighbor.o
                0x00008ff4                rpl_neighbor_get_lladdr
 .text.rpl_neighbor_get_ipaddr
                0x00009000        0xa build/sky/obj/rpl-neighbor.o
                0x00009000                rpl_neighbor_get_ipaddr
 .text.rpl_neighbor_get_link_stats
                0x0000900a        0xa build/sky/obj/rpl-neighbor.o
                0x0000900a                rpl_neighbor_get_link_stats
 .text.rpl_neighbor_is_fresh
                0x00009014        0xa build/sky/obj/rpl-neighbor.o
                0x00009014                rpl_neighbor_is_fresh
 .text.best_parent
                0x0000901e       0xb4 build/sky/obj/rpl-neighbor.o
 .text.rpl_neighbor_set_preferred_parent
                0x000090d2       0x48 build/sky/obj/rpl-neighbor.o
                0x000090d2                rpl_neighbor_set_preferred_parent
 .text.rpl_neighbor_remove_all
                0x0000911a       0x30 build/sky/obj/rpl-neighbor.o
                0x0000911a                rpl_neighbor_remove_all
 .text.rpl_neighbor_get_from_ipaddr
                0x0000914a       0x14 build/sky/obj/rpl-neighbor.o
                0x0000914a                rpl_neighbor_get_from_ipaddr
 .text.rpl_neighbor_select_best
                0x0000915e       0x54 build/sky/obj/rpl-neighbor.o
                0x0000915e                rpl_neighbor_select_best
 .text.rpl_neighbor_init
                0x000091b2        0xe build/sky/obj/rpl-neighbor.o
                0x000091b2                rpl_neighbor_init
 .text.handle_state_update
                0x000091c0        0x6 build/sky/obj/rpl-timers.o
 .text.handle_leaving_timer
                0x000091c6        0xc build/sky/obj/rpl-timers.o
 .text.schedule_dao_retransmission
                0x000091d2       0x34 build/sky/obj/rpl-timers.o
 .text.new_dio_interval
                0x00009206       0x8a build/sky/obj/rpl-timers.o
 .text.handle_unicast_dio_timer
                0x00009290       0x12 build/sky/obj/rpl-timers.o
 .text.send_new_dao
                0x000092a2       0x28 build/sky/obj/rpl-timers.o
 .text.resend_dao
                0x000092ca       0x24 build/sky/obj/rpl-timers.o
 .text.handle_dao_ack_timer
                0x000092ee       0x12 build/sky/obj/rpl-timers.o
 .text.handle_dio_timer
                0x00009300       0x6e build/sky/obj/rpl-timers.o
 .text.rpl_timers_schedule_periodic_dis
                0x0000936e       0x40 build/sky/obj/rpl-timers.o
                0x0000936e                rpl_timers_schedule_periodic_dis
 .text.handle_periodic_timer
                0x000093ae       0x3a build/sky/obj/rpl-timers.o
 .text.handle_dis_timer
                0x000093e8       0x26 build/sky/obj/rpl-timers.o
 .text.rpl_timers_dio_reset
                0x0000940e       0x2e build/sky/obj/rpl-timers.o
                0x0000940e                rpl_timers_dio_reset
 .text.rpl_timers_schedule_unicast_dio
                0x0000943c       0x20 build/sky/obj/rpl-timers.o
                0x0000943c                rpl_timers_schedule_unicast_dio
 .text.rpl_timers_schedule_dao
                0x0000945c       0x3c build/sky/obj/rpl-timers.o
                0x0000945c                rpl_timers_schedule_dao
 .text.rpl_timers_schedule_dao_ack
                0x00009498       0x34 build/sky/obj/rpl-timers.o
                0x00009498                rpl_timers_schedule_dao_ack
 .text.rpl_timers_notify_dao_ack
                0x000094cc       0x82 build/sky/obj/rpl-timers.o
                0x000094cc                rpl_timers_notify_dao_ack
 .text.get_probing_delay
                0x0000954e       0x1c build/sky/obj/rpl-timers.o
                0x0000954e                get_probing_delay
 .text.get_probing_target
                0x0000956a       0xee build/sky/obj/rpl-timers.o
                0x0000956a                get_probing_target
 .text.rpl_schedule_probing
                0x00009658       0x20 build/sky/obj/rpl-timers.o
                0x00009658                rpl_schedule_probing
 .text.handle_probing_timer
                0x00009678       0x2a build/sky/obj/rpl-timers.o
 .text.rpl_schedule_probing_now
                0x000096a2       0x24 build/sky/obj/rpl-timers.o
                0x000096a2                rpl_schedule_probing_now
 .text.rpl_timers_unschedule_leaving
                0x000096c6       0x1c build/sky/obj/rpl-timers.o
                0x000096c6                rpl_timers_unschedule_leaving
 .text.rpl_timers_schedule_leaving
                0x000096e2       0x2a build/sky/obj/rpl-timers.o
                0x000096e2                rpl_timers_schedule_leaving
 .text.rpl_timers_init
                0x0000970c       0x1c build/sky/obj/rpl-timers.o
                0x0000970c                rpl_timers_init
 .text.rpl_timers_stop_dag_timers
                0x00009728       0x4c build/sky/obj/rpl-timers.o
                0x00009728                rpl_timers_stop_dag_timers
 .text.rpl_timers_unschedule_state_update
                0x00009774       0x10 build/sky/obj/rpl-timers.o
                0x00009774                rpl_timers_unschedule_state_update
 .text.rpl_timers_schedule_state_update
                0x00009784       0x1c build/sky/obj/rpl-timers.o
                0x00009784                rpl_timers_schedule_state_update
 .text.rpl_has_joined
                0x000097a0       0x12 build/sky/obj/rpl.o
                0x000097a0                rpl_has_joined
 .text.rpl_is_reachable
                0x000097b2       0x12 build/sky/obj/rpl.o
                0x000097b2                rpl_is_reachable
 .text.neighbor_state_changed
                0x000097c4        0x2 build/sky/obj/rpl.o
 .text.drop_route
                0x000097c6        0x2 build/sky/obj/rpl.o
 .text.rpl_get_leaf_only
                0x000097c8        0x6 build/sky/obj/rpl.o
                0x000097c8                rpl_get_leaf_only
 .text.get_sr_node_ipaddr
                0x000097ce       0x34 build/sky/obj/rpl.o
 .text.init     0x00009802       0x42 build/sky/obj/rpl.o
 .text.set_ip_from_prefix
                0x00009844       0x38 build/sky/obj/rpl.o
 .text.rpl_link_callback
                0x0000987c       0x1e build/sky/obj/rpl.o
                0x0000987c                rpl_link_callback
 .text.rpl_lollipop_greater_than
                0x0000989a       0x3c build/sky/obj/rpl.o
                0x0000989a                rpl_lollipop_greater_than
 .text.rpl_get_global_address
                0x000098d6       0xbe build/sky/obj/rpl.o
                0x000098d6                rpl_get_global_address
 .text.rpl_reset_prefix
                0x00009994       0x24 build/sky/obj/rpl.o
                0x00009994                rpl_reset_prefix
 .text.rpl_set_prefix_from_addr
                0x000099b8       0x92 build/sky/obj/rpl.o
                0x000099b8                rpl_set_prefix_from_addr
 .text.timera0  0x00009a4a       0x2e build/sky/obj/rtimer-arch.o
                0x00009a4a                __isr_6
                0x00009a4a                timera0
 .text.rtimer_arch_init
                0x00009a78        0xe build/sky/obj/rtimer-arch.o
                0x00009a78                rtimer_arch_init
 .text.rtimer_arch_now
                0x00009a86        0xe build/sky/obj/rtimer-arch.o
                0x00009a86                rtimer_arch_now
 .text.rtimer_arch_schedule
                0x00009a94        0x6 build/sky/obj/rtimer-arch.o
                0x00009a94                rtimer_arch_schedule
 .text.rtimer_init
                0x00009a9a        0x6 build/sky/obj/rtimer.o
                0x00009a9a                rtimer_init
 .text.rtimer_run_next
                0x00009aa0       0x26 build/sky/obj/rtimer.o
                0x00009aa0                rtimer_run_next
 .text.process_thread_sensors_process
                0x00009ac6       0xc2 build/sky/obj/sensors.o
 .text.sensors_changed
                0x00009b88       0x2a build/sky/obj/sensors.o
                0x00009b88                sensors_changed
 .text.clear_fragments
                0x00009bb2       0x40 build/sky/obj/sicslowpan.o
 .text.addr_context_lookup_by_number
                0x00009bf2       0x16 build/sky/obj/sicslowpan.o
 .text.sicslowpan_init
                0x00009c08       0x18 build/sky/obj/sicslowpan.o
                0x00009c08                sicslowpan_init
 .text.set_packet_attrs
                0x00009c20       0x66 build/sky/obj/sicslowpan.o
 .text.compress_addr_64
                0x00009c86       0xae build/sky/obj/sicslowpan.o
 .text.addr_context_lookup_by_prefix
                0x00009d34       0x20 build/sky/obj/sicslowpan.o
 .text.send_packet
                0x00009d54       0x1a build/sky/obj/sicslowpan.o
 .text.fragment_copy_payload_and_send
                0x00009d6e       0x60 build/sky/obj/sicslowpan.o
 .text.output   0x00009dce      0x7c6 build/sky/obj/sicslowpan.o
 .text.packet_sent
                0x0000a594       0x56 build/sky/obj/sicslowpan.o
 .text.store_fragment
                0x0000a5ea       0xb8 build/sky/obj/sicslowpan.o
 .text.add_fragment
                0x0000a6a2      0x1fc build/sky/obj/sicslowpan.o
 .text.uncompress_addr
                0x0000a89e       0xb4 build/sky/obj/sicslowpan.o
 .text.input    0x0000a952      0xa1a build/sky/obj/sicslowpan.o
 .text.spi_init
                0x0000b36c       0x30 build/sky/obj/spi-legacy.o
                0x0000b36c                spi_init
 .text.stack_check_init
                0x0000b39c       0x2e build/sky/obj/stack-check.o
                0x0000b39c                stack_check_init
 .text.stack_check_get_usage
                0x0000b3ca       0x54 build/sky/obj/stack-check.o
                0x0000b3ca                stack_check_get_usage
 .text.process_thread_stack_check_process
                0x0000b41e       0xea build/sky/obj/stack-check.o
 .text.stimer_set
                0x0000b508       0x1c build/sky/obj/stimer.o
                0x0000b508                stimer_set
 .text.stimer_expired
                0x0000b524       0x30 build/sky/obj/stimer.o
                0x0000b524                stimer_expired
 .text.tcpip_output
                0x0000b554       0x22 build/sky/obj/tcpip.o
                0x0000b554                tcpip_output
 .text.tcpip_input
                0x0000b576       0x1e build/sky/obj/tcpip.o
                0x0000b576                tcpip_input
 .text.tcpip_ipv6_output
                0x0000b594      0x114 build/sky/obj/tcpip.o
                0x0000b594                tcpip_ipv6_output
 .text.packet_input.part.3
                0x0000b6a8       0x12 build/sky/obj/tcpip.o
 .text.process_thread_tcpip_process
                0x0000b6ba       0xcc build/sky/obj/tcpip.o
 .text.tcpip_uipcall
                0x0000b786       0x2a build/sky/obj/tcpip.o
                0x0000b786                tcpip_uipcall
 .text.timer_set
                0x0000b7b0       0x1c build/sky/obj/timer.o
                0x0000b7b0                timer_set
 .text.timer_expired
                0x0000b7cc       0x2a build/sky/obj/timer.o
                0x0000b7cc                timer_expired
 .text.timer_reset
                0x0000b7f6       0x1c build/sky/obj/timer.o
                0x0000b7f6                timer_reset
 .text.putchar  0x0000b812       0x10 build/sky/obj/uart1-putchar.o
                0x0000b812                putchar
 .text.uart1_active
                0x0000b822       0x18 build/sky/obj/uart1.o
                0x0000b822                uart1_active
 .text.uart1_writeb
                0x0000b83a       0x18 build/sky/obj/uart1.o
                0x0000b83a                uart1_writeb
 .text.uart1_init
                0x0000b852       0xf4 build/sky/obj/uart1.o
                0x0000b852                uart1_init
 .text.uip_ds6_nbr_rm
                0x0000b946       0x1e build/sky/obj/uip-ds6-nbr.o
                0x0000b946                uip_ds6_nbr_rm
 .text.uip_ds6_neighbors_init
                0x0000b964       0x12 build/sky/obj/uip-ds6-nbr.o
                0x0000b964                uip_ds6_neighbors_init
 .text.uip_ds6_nbr_add
                0x0000b976       0x3e build/sky/obj/uip-ds6-nbr.o
                0x0000b976                uip_ds6_nbr_add
 .text.uip_ds6_nbr_get_ll
                0x0000b9b4        0xc build/sky/obj/uip-ds6-nbr.o
                0x0000b9b4                uip_ds6_nbr_get_ll
 .text.uip_ds6_nbr_head
                0x0000b9c0        0xa build/sky/obj/uip-ds6-nbr.o
                0x0000b9c0                uip_ds6_nbr_head
 .text.uip_ds6_nbr_next
                0x0000b9ca        0xc build/sky/obj/uip-ds6-nbr.o
                0x0000b9ca                uip_ds6_nbr_next
 .text.uip_ds6_nbr_lookup
                0x0000b9d6       0x3a build/sky/obj/uip-ds6-nbr.o
                0x0000b9d6                uip_ds6_nbr_lookup
 .text.uip_ds6_nbr_ll_lookup
                0x0000ba10        0xc build/sky/obj/uip-ds6-nbr.o
                0x0000ba10                uip_ds6_nbr_ll_lookup
 .text.uip_ds6_nbr_update_ll
                0x0000ba1c       0x76 build/sky/obj/uip-ds6-nbr.o
                0x0000ba1c                uip_ds6_nbr_update_ll
 .text.uip_ds6_nbr_ipaddr_from_lladdr
                0x0000ba92        0x6 build/sky/obj/uip-ds6-nbr.o
                0x0000ba92                uip_ds6_nbr_ipaddr_from_lladdr
 .text.uip_ds6_nbr_lladdr_from_ipaddr
                0x0000ba98       0x12 build/sky/obj/uip-ds6-nbr.o
                0x0000ba98                uip_ds6_nbr_lladdr_from_ipaddr
 .text.uip_ds6_link_callback
                0x0000baaa        0x2 build/sky/obj/uip-ds6-nbr.o
                0x0000baaa                uip_ds6_link_callback
 .text.uip_ds6_route_init
                0x0000baac       0x12 build/sky/obj/uip-ds6-route.o
                0x0000baac                uip_ds6_route_init
 .text.uip_ds6_route_nexthop
                0x0000babe        0x4 build/sky/obj/uip-ds6-route.o
                0x0000babe                uip_ds6_route_nexthop
 .text.uip_ds6_route_lookup
                0x0000bac2        0x4 build/sky/obj/uip-ds6-route.o
                0x0000bac2                uip_ds6_route_lookup
 .text.uip_ds6_route_rm
                0x0000bac6        0x2 build/sky/obj/uip-ds6-route.o
                0x0000bac6                uip_ds6_route_rm
 .text.uip_ds6_defrt_rm
                0x0000bac8       0x3c build/sky/obj/uip-ds6-route.o
                0x0000bac8                uip_ds6_defrt_rm
 .text.uip_ds6_defrt_lookup
                0x0000bb04       0x40 build/sky/obj/uip-ds6-route.o
                0x0000bb04                uip_ds6_defrt_lookup
 .text.uip_ds6_defrt_add
                0x0000bb44       0x72 build/sky/obj/uip-ds6-route.o
                0x0000bb44                uip_ds6_defrt_add
 .text.uip_ds6_defrt_choose
                0x0000bbb6       0x3a build/sky/obj/uip-ds6-route.o
                0x0000bbb6                uip_ds6_defrt_choose
 .text.uip_ds6_defrt_periodic
                0x0000bbf0       0x38 build/sky/obj/uip-ds6-route.o
                0x0000bbf0                uip_ds6_defrt_periodic
 .text.uip_ds6_default_prefix
                0x0000bc28        0x6 build/sky/obj/uip-ds6.o
                0x0000bc28                uip_ds6_default_prefix
 .text.uip_ds6_list_loop
                0x0000bc2e       0x92 build/sky/obj/uip-ds6.o
                0x0000bc2e                uip_ds6_list_loop
 .text.uip_ds6_prefix_add
                0x0000bcc0       0x80 build/sky/obj/uip-ds6.o
                0x0000bcc0                uip_ds6_prefix_add
 .text.uip_ds6_is_addr_onlink
                0x0000bd40       0x54 build/sky/obj/uip-ds6.o
                0x0000bd40                uip_ds6_is_addr_onlink
 .text.uip_ds6_addr_lookup
                0x0000bd94       0x2a build/sky/obj/uip-ds6.o
                0x0000bd94                uip_ds6_addr_lookup
 .text.uip_ds6_get_link_local
                0x0000bdbe       0x3e build/sky/obj/uip-ds6.o
                0x0000bdbe                uip_ds6_get_link_local
 .text.uip_ds6_maddr_add
                0x0000bdfc       0x4c build/sky/obj/uip-ds6.o
                0x0000bdfc                uip_ds6_maddr_add
 .text.uip_ds6_addr_add
                0x0000be48       0xc4 build/sky/obj/uip-ds6.o
                0x0000be48                uip_ds6_addr_add
 .text.uip_ds6_maddr_rm
                0x0000bf0c        0xa build/sky/obj/uip-ds6.o
                0x0000bf0c                uip_ds6_maddr_rm
 .text.uip_ds6_maddr_lookup
                0x0000bf16       0x2a build/sky/obj/uip-ds6.o
                0x0000bf16                uip_ds6_maddr_lookup
 .text.uip_ds6_addr_rm
                0x0000bf40       0x54 build/sky/obj/uip-ds6.o
                0x0000bf40                uip_ds6_addr_rm
 .text.uip_ds6_periodic
                0x0000bf94       0x46 build/sky/obj/uip-ds6.o
                0x0000bf94                uip_ds6_periodic
 .text.uip_ds6_set_addr_iid
                0x0000bfda       0x14 build/sky/obj/uip-ds6.o
                0x0000bfda                uip_ds6_set_addr_iid
 .text.uip_ds6_set_lladdr_from_iid
                0x0000bfee       0x14 build/sky/obj/uip-ds6.o
                0x0000bfee                uip_ds6_set_lladdr_from_iid
 .text.get_match_length
                0x0000c002       0x44 build/sky/obj/uip-ds6.o
                0x0000c002                get_match_length
 .text.uip_ds6_select_src
                0x0000c046       0xaa build/sky/obj/uip-ds6.o
                0x0000c046                uip_ds6_select_src
 .text.uip_ds6_compute_reachable_time
                0x0000c0f0       0x3e build/sky/obj/uip-ds6.o
                0x0000c0f0                uip_ds6_compute_reachable_time
 .text.uip_ds6_init
                0x0000c12e      0x164 build/sky/obj/uip-ds6.o
                0x0000c12e                uip_ds6_init
 .text.echo_reply_input
                0x0000c292       0x68 build/sky/obj/uip-icmp6.o
 .text.echo_request_input
                0x0000c2fa       0x86 build/sky/obj/uip-icmp6.o
 .text.uip_icmp6_input
                0x0000c380       0x48 build/sky/obj/uip-icmp6.o
                0x0000c380                uip_icmp6_input
 .text.uip_icmp6_register_input_handler
                0x0000c3c8        0xc build/sky/obj/uip-icmp6.o
                0x0000c3c8                uip_icmp6_register_input_handler
 .text.uip_icmp6_error_output
                0x0000c3d4      0x146 build/sky/obj/uip-icmp6.o
                0x0000c3d4                uip_icmp6_error_output
 .text.uip_icmp6_send
                0x0000c51a       0x8e build/sky/obj/uip-icmp6.o
                0x0000c51a                uip_icmp6_send
 .text.uip_icmp6_init
                0x0000c5a8       0x12 build/sky/obj/uip-icmp6.o
                0x0000c5a8                uip_icmp6_init
 .text.ns_input
                0x0000c5ba      0x29a build/sky/obj/uip-nd6.o
 .text.uip_nd6_init
                0x0000c854        0xa build/sky/obj/uip-nd6.o
                0x0000c854                uip_nd6_init
 .text.node_matches_address.part.0
                0x0000c85e       0x2e build/sky/obj/uip-sr.o
 .text.uip_sr_get_node
                0x0000c88c       0x44 build/sky/obj/uip-sr.o
                0x0000c88c                uip_sr_get_node
 .text.uip_sr_is_addr_reachable
                0x0000c8d0       0x4e build/sky/obj/uip-sr.o
                0x0000c8d0                uip_sr_is_addr_reachable
 .text.uip_sr_expire_parent
                0x0000c91e       0x50 build/sky/obj/uip-sr.o
                0x0000c91e                uip_sr_expire_parent
 .text.uip_sr_update_node
                0x0000c96e       0xbc build/sky/obj/uip-sr.o
                0x0000c96e                uip_sr_update_node
 .text.uip_sr_init
                0x0000ca2a       0x16 build/sky/obj/uip-sr.o
                0x0000ca2a                uip_sr_init
 .text.uip_sr_periodic
                0x0000ca40       0x9e build/sky/obj/uip-sr.o
                0x0000ca40                uip_sr_periodic
 .text.uip_sr_free_all
                0x0000cade       0x3c build/sky/obj/uip-sr.o
                0x0000cade                uip_sr_free_all
 .text.chksum   0x0000cb1a       0x32 build/sky/obj/uip6.o
 .text.upper_layer_chksum
                0x0000cb4c       0x58 build/sky/obj/uip6.o
 .text.ext_hdr_options_process
                0x0000cba4       0xa4 build/sky/obj/uip6.o
 .text.uip_check_mtu
                0x0000cc48       0x1e build/sky/obj/uip6.o
 .text.uip_update_ttl
                0x0000cc66       0x24 build/sky/obj/uip6.o
 .text.uip_icmp6chksum
                0x0000cc8a        0xa build/sky/obj/uip6.o
                0x0000cc8a                uip_icmp6chksum
 .text.uip_udpchksum
                0x0000cc94        0xa build/sky/obj/uip6.o
                0x0000cc94                uip_udpchksum
 .text.uip_init
                0x0000cc9e       0x3c build/sky/obj/uip6.o
                0x0000cc9e                uip_init
 .text.uip_remove_ext_hdr
                0x0000ccda       0x5e build/sky/obj/uip6.o
                0x0000ccda                uip_remove_ext_hdr
 .text.uip_process
                0x0000cd38      0x4be build/sky/obj/uip6.o
                0x0000cd38                uip_process
 .text.uip_htonl
                0x0000d1f6       0x2e build/sky/obj/uip6.o
                0x0000d1f6                uip_htonl
 .text.uipbuf_add_ext_hdr
                0x0000d224       0x1c build/sky/obj/uipbuf.o
                0x0000d224                uipbuf_add_ext_hdr
 .text.uipbuf_set_len
                0x0000d240       0x12 build/sky/obj/uipbuf.o
                0x0000d240                uipbuf_set_len
 .text.uipbuf_set_len_field
                0x0000d252        0xe build/sky/obj/uipbuf.o
                0x0000d252                uipbuf_set_len_field
 .text.uipbuf_get_len_field
                0x0000d260        0xe build/sky/obj/uipbuf.o
                0x0000d260                uipbuf_get_len_field
 .text.uipbuf_get_next_header
                0x0000d26e       0x6a build/sky/obj/uipbuf.o
                0x0000d26e                uipbuf_get_next_header
 .text.uipbuf_get_last_header
                0x0000d2d8       0x3e build/sky/obj/uipbuf.o
                0x0000d2d8                uipbuf_get_last_header
 .text.uipbuf_search_header
                0x0000d316       0x4e build/sky/obj/uipbuf.o
                0x0000d316                uipbuf_search_header
 .text.uipbuf_get_attr
                0x0000d364       0x12 build/sky/obj/uipbuf.o
                0x0000d364                uipbuf_get_attr
 .text.uipbuf_set_attr
                0x0000d376       0x14 build/sky/obj/uipbuf.o
                0x0000d376                uipbuf_set_attr
 .text.uipbuf_clear_attr
                0x0000d38a       0x12 build/sky/obj/uipbuf.o
                0x0000d38a                uipbuf_clear_attr
 .text.uipbuf_clear
                0x0000d39c       0x12 build/sky/obj/uipbuf.o
                0x0000d39c                uipbuf_clear
 .text.uipbuf_init
                0x0000d3ae       0x1a build/sky/obj/uipbuf.o
                0x0000d3ae                uipbuf_init
 .text.uiplib_ipaddr_snprint
                0x0000d3c8      0x12c build/sky/obj/uiplib.o
                0x0000d3c8                uiplib_ipaddr_snprint
 .text.watchdog_interrupt
                0x0000d4f4        0x6 build/sky/obj/watchdog.o
                0x0000d4f4                __isr_10
                0x0000d4f4                watchdog_interrupt
 .text.watchdog_start
                0x0000d4fa       0x14 build/sky/obj/watchdog.o
                0x0000d4fa                watchdog_start
 .text.watchdog_periodic
                0x0000d50e       0x12 build/sky/obj/watchdog.o
                0x0000d50e                watchdog_periodic
 .text.watchdog_stop
                0x0000d520       0x16 build/sky/obj/watchdog.o
                0x0000d520                watchdog_stop
 .text.watchdog_init
                0x0000d536       0x12 build/sky/obj/watchdog.o
                0x0000d536                watchdog_init
 .text.xmem_init
                0x0000d548       0x3c build/sky/obj/xmem.o
                0x0000d548                xmem_init
 .text.printf   0x0000d584       0x10 /usr/local/bin/../lib/gcc/msp430/4.7.2/../../../../msp430/lib/mmpy-16/libc.a(printf.o)
                0x0000d584                printf
 .text.append   0x0000d594       0x22 /usr/local/bin/../lib/gcc/msp430/4.7.2/../../../../msp430/lib/mmpy-16/libc.a(sprintf.o)
 .text.call_vuprintf
                0x0000d5b6       0x3a /usr/local/bin/../lib/gcc/msp430/4.7.2/../../../../msp430/lib/mmpy-16/libc.a(sprintf.o)
 .text.snprintf
                0x0000d5f0       0x1a /usr/local/bin/../lib/gcc/msp430/4.7.2/../../../../msp430/lib/mmpy-16/libc.a(sprintf.o)
                0x0000d5f0                snprintf
 .text.print_field
                0x0000d60a      0x194 /usr/local/bin/../lib/gcc/msp430/4.7.2/../../../../msp430/lib/mmpy-16/libc.a(vuprintf.o)
 .text.vuprintf
                0x0000d79e      0x63e /usr/local/bin/../lib/gcc/msp430/4.7.2/../../../../msp430/lib/mmpy-16/libc.a(vuprintf.o)
                0x0000d79e                vuprintf
 .text.puts     0x0000dddc       0x2c /usr/local/bin/../lib/gcc/msp430/4.7.2/../../../../msp430/lib/mmpy-16/libc.a(puts.o)
                0x0000dddc                puts
 .text.rand     0x0000de08       0x26 /usr/local/bin/../lib/gcc/msp430/4.7.2/../../../../msp430/lib/mmpy-16/libc.a(rand.o)
                0x0000de08                rand
 .text.srand    0x0000de2e        0xa /usr/local/bin/../lib/gcc/msp430/4.7.2/../../../../msp430/lib/mmpy-16/libc.a(rand.o)
                0x0000de2e                srand
 .text.memcmp   0x0000de38       0x30 /usr/local/bin/../lib/gcc/msp430/4.7.2/../../../../msp430/lib/mmpy-16/libc.a(memcmp.o)
                0x0000de38                memcmp
 .text.memcpy   0x0000de68       0xfa /usr/local/bin/../lib/gcc/msp430/4.7.2/../../../../msp430/lib/mmpy-16/libc.a(memcpy.o)
                0x0000de68                memcpy
 .text.memmove  0x0000df62       0xfa /usr/local/bin/../lib/gcc/msp430/4.7.2/../../../../msp430/lib/mmpy-16/libc.a(memmove.o)
                0x0000df62                memmove
 .text.memset   0x0000e05c       0x6a /usr/local/bin/../lib/gcc/msp430/4.7.2/../../../../msp430/lib/mmpy-16/libc.a(memset.o)
                0x0000e05c                memset
 .text.crt0     0x0000e0c6        0x2 /usr/local/bin/../lib/gcc/msp430/4.7.2/mmpy-16/libcrt0.a(_unexpected_.o)
                0x0000e0c6                _unexpected_
 .text.libgcc   0x0000e0c8       0x2c /usr/local/bin/../lib/gcc/msp430/4.7.2/mmpy-16/libgcc.a(_mulsi3.o)
                0x0000e0c8                __mulsi3
 .text.libgcc   0x0000e0f4       0x22 /usr/local/bin/../lib/gcc/msp430/4.7.2/mmpy-16/libgcc.a(_udivmod16.o)
                0x0000e0f4                __udivhi3
                0x0000e0f4                __ext_udivmod16
                0x0000e10e                __umodhi3
 .text.libgcc   0x0000e116       0x3a /usr/local/bin/../lib/gcc/msp430/4.7.2/mmpy-16/libgcc.a(_divmod16.o)
                0x0000e116                __ext_divmod16
                0x0000e116                __divhi3
                0x0000e148                __modhi3
 .text.libgcc   0x0000e150       0x40 /usr/local/bin/../lib/gcc/msp430/4.7.2/mmpy-16/libgcc.a(_udivmod32.o)
                0x0000e150                __udivsi3
                0x0000e150                __ext_udivmod32
                0x0000e186                __umodsi3
 .text.libgcc   0x0000e190       0x4c /usr/local/bin/../lib/gcc/msp430/4.7.2/mmpy-16/libgcc.a(_divmod32.o)
                0x0000e190                __ext_divmod32
                0x0000e190                __divsi3
                0x0000e1d2                __modsi3
 .text.libgcc   0x0000e1dc       0xf0 /usr/local/bin/../lib/gcc/msp430/4.7.2/mmpy-16/libgcc.a(_udivmod64.o)
                0x0000e1dc                __xabi_udivmod64
                0x0000e23a                __udivdi3
                0x0000e260                __umoddi3
                0x0000e28e                __udivmoddi4
 *(SORT(.near.text) SORT(.near.text.*))

.rodata         0x0000e2cc      0x4b3
                0x0000e2cc                . = ALIGN (0x2)
 *(SORT(.rodata) SORT(.rodata.*) SORT(.gnu.linkonce.r.*))
 .rodata.get_value
                0x0000e2cc       0x34 build/sky/obj/cc2420.o
 .rodata.set_value
                0x0000e300       0x10 build/sky/obj/cc2420.o
 .rodata        0x0000e310       0x10 build/sky/obj/button-sensor.o
                0x0000e318                button_sensor
 .rodata        0x0000e320       0x3e build/sky/obj/cc2420.o
                0x0000e320                cc2420_aes_128_driver
                0x0000e324                cc2420_driver
 .rodata        0x0000e35e       0x14 build/sky/obj/csma.o
                0x0000e364                csma_driver
 .rodata        0x0000e372        0x6 build/sky/obj/framer-802154.o
                0x0000e372                framer_802154
 .rodata        0x0000e378       0x14 build/sky/obj/leds-example.o
                0x0000e378                autostart_processes
 .rodata        0x0000e38c        0x8 build/sky/obj/linkaddr.o
                0x0000e38c                linkaddr_null
 .rodata        0x0000e394       0xb6 build/sky/obj/log.o
 .rodata        0x0000e44a       0xe0 build/sky/obj/rpl-dag.o
 .rodata        0x0000e52a       0x34 build/sky/obj/rpl.o
                0x0000e534                rpl_lite_driver
 .rodata        0x0000e55e       0x26 build/sky/obj/sicslowpan.o
                0x0000e56a                sicslowpan_driver
                0x0000e572                llprefix
                0x0000e574                unc_mxconf
                0x0000e578                unc_ctxconf
                0x0000e57c                unc_llconf
 .rodata        0x0000e584       0xee build/sky/obj/contiki-main.o
 .rodata        0x0000e672        0xf build/sky/obj/ctimer.o
 .rodata        0x0000e681        0xc build/sky/obj/etimer.o
 .rodata        0x0000e68d        0x2 build/sky/obj/frame802154.o
 .rodata        0x0000e68f       0x31 build/sky/obj/platform.o
 .rodata        0x0000e6c0        0xc build/sky/obj/rpl-timers.o
 .rodata        0x0000e6cc        0x8 build/sky/obj/sensors.o
 .rodata        0x0000e6d4       0x6a build/sky/obj/stack-check.o
 .rodata        0x0000e73e        0xd build/sky/obj/tcpip.o
 .rodata        0x0000e74b       0x2d build/sky/obj/uiplib.o
 .rodata.vuprintf
                0x0000e778        0x7 /usr/local/bin/../lib/gcc/msp430/4.7.2/../../../../msp430/lib/mmpy-16/libc.a(vuprintf.o)
 *(SORT(.near.rodata) SORT(.near.rodata.*))
                0x0000e780                . = ALIGN (0x2)
                0x0000e780                _etext = .

.data           0x00001100      0x13a load address 0x0000e780
                0x00001100                . = ALIGN (0x2)
                0x00001100                __data_start = .
 *(SORT(.data) SORT(.data.*) SORT(.gnu.linkonce.d.*))
 .data          0x00001100        0xc build/sky/obj/cc2420.o
                0x00001100                cc2420_process
 .data          0x0000110c        0x4 build/sky/obj/contiki-sky-platform.o
                0x0000110c                sensors
 .data          0x00001110       0x18 build/sky/obj/csma-output.o
 .data          0x00001128        0xa build/sky/obj/ctimer.o
                0x00001128                ctimer_process
 .data          0x00001132        0xa build/sky/obj/etimer.o
                0x00001132                etimer_process
 .data          0x0000113c        0x2 build/sky/obj/frame802154.o
 .data          0x0000113e        0xa build/sky/obj/leds-example.o
                0x0000113e                leds_example
 .data          0x00001148        0x8 build/sky/obj/link-stats.o
 .data          0x00001150       0x50 build/sky/obj/log.o
                0x00001150                all_modules
                0x0000119e                curr_log_level_main
 .data          0x000011a0        0x2 build/sky/obj/msp430.o
 .data          0x000011a2        0x8 build/sky/obj/nbr-table.o
 .data          0x000011aa       0x10 build/sky/obj/queuebuf.o
 .data          0x000011ba       0x18 build/sky/obj/rpl-icmp6.o
 .data          0x000011d2       0x12 build/sky/obj/rpl-mrhof.o
                0x000011d2                rpl_mrhof
 .data          0x000011e4        0xa build/sky/obj/rpl-neighbor.o
                0x000011e4                rpl_neighbors
 .data          0x000011ee        0xa build/sky/obj/sensors.o
                0x000011ee                sensors_process
 .data          0x000011f8        0xa build/sky/obj/stack-check.o
                0x000011f8                stack_check_process
 .data          0x00001202        0xa build/sky/obj/tcpip.o
                0x00001202                tcpip_process
 .data          0x0000120c        0x8 build/sky/obj/uip-ds6-nbr.o
 .data          0x00001214        0x8 build/sky/obj/uip-ds6-route.o
 .data          0x0000121c        0xc build/sky/obj/uip-icmp6.o
 .data          0x00001228        0x6 build/sky/obj/uip-nd6.o
 .data          0x0000122e        0x8 build/sky/obj/uip-sr.o
 .data.next     0x00001236        0x4 /usr/local/bin/../lib/gcc/msp430/4.7.2/../../../../msp430/lib/mmpy-16/libc.a(rand.o)
 *(SORT(.near.data) SORT(.near.data.*))
                0x0000123a                . = ALIGN (0x2)
                0x0000123a                _edata = .
                0x0000e780                __data_load_start = LOADADDR (.data)
                0x0000013a                __data_size = SIZEOF (.data)

.bss            0x0000123a     0x1a6c load address 0x0000e8ba
                0x0000123a                __bss_start = .
 *(SORT(.bss) SORT(.bss.*))
 .bss           0x0000123a        0x8 build/sky/obj/button-sensor.o
 .bss           0x00001242       0x10 build/sky/obj/cc2420.o
 .bss           0x00001252        0xa build/sky/obj/clock.o
 .bss           0x0000125c       0xbe build/sky/obj/csma-output.o
 .bss           0x0000131a        0x4 build/sky/obj/ctimer.o
 .bss           0x0000131e        0x6 build/sky/obj/etimer.o
 .bss           0x00001324        0xe build/sky/obj/leds-example.o
 .bss           0x00001332       0xa0 build/sky/obj/link-stats.o
 .bss           0x000013d2       0x16 build/sky/obj/log.o
                0x000013d2                curr_log_level_lwm2m
                0x000013d4                curr_log_level_snmp
                0x000013d6                curr_log_level_coap
                0x000013d8                curr_log_level_6top
                0x000013da                curr_log_level_framer
                0x000013dc                curr_log_level_mac
                0x000013de                curr_log_level_nullnet
                0x000013e0                curr_log_level_6lowpan
                0x000013e2                curr_log_level_ipv6
                0x000013e4                curr_log_level_tcpip
                0x000013e6                curr_log_level_rpl
 .bss           0x000013e8       0xe0 build/sky/obj/mac-sequence.o
 .bss           0x000014c8       0xe4 build/sky/obj/nbr-table.o
 .bss           0x000015ac        0x2 build/sky/obj/netstack.o
 .bss           0x000015ae        0x2 build/sky/obj/node-id.o
                0x000015ae                node_id
 .bss           0x000015b0       0x86 build/sky/obj/packetbuf.o
 .bss           0x00001636        0x8 build/sky/obj/platform.o
 .bss           0x0000163e       0xc8 build/sky/obj/process.o
                0x0000163e                process_current
                0x00001640                process_list
 .bss           0x00001706      0x580 build/sky/obj/queuebuf.o
 .bss           0x00001c86       0x12 build/sky/obj/rpl-dag-root.o
 .bss           0x00001c98       0x80 build/sky/obj/rpl-neighbor.o
 .bss           0x00001d18       0x28 build/sky/obj/rpl-timers.o
 .bss           0x00001d40        0x2 build/sky/obj/rtimer.o
 .bss           0x00001d42        0x6 build/sky/obj/sensors.o
 .bss           0x00001d48      0x6e0 build/sky/obj/sicslowpan.o
 .bss           0x00002428        0xe build/sky/obj/stack-check.o
 .bss           0x00002436        0xc build/sky/obj/tcpip.o
 .bss           0x00002442       0x9a build/sky/obj/uart1.o
 .bss           0x000024dc      0x120 build/sky/obj/uip-ds6-nbr.o
 .bss           0x000025fc       0x3c build/sky/obj/uip-ds6-route.o
 .bss           0x00002638       0x28 build/sky/obj/uip-ds6.o
 .bss           0x00002660       0x14 build/sky/obj/uip-icmp6.o
 .bss           0x00002674        0x8 build/sky/obj/uip-nd6.o
 .bss           0x0000267c      0x134 build/sky/obj/uip-sr.o
 .bss           0x000027b0        0x8 build/sky/obj/uip6.o
                0x000027b0                uip_last_proto
                0x000027b2                uip_ext_len
                0x000027b4                uip_ext_bitmap
 .bss           0x000027b8       0x20 build/sky/obj/uipbuf.o
 .bss           0x000027d8        0x2 build/sky/obj/watchdog.o
 .bss.destination_
                0x000027da        0x2 /usr/local/bin/../lib/gcc/msp430/4.7.2/../../../../msp430/lib/mmpy-16/libc.a(sprintf.o)
 .bss.available_
                0x000027dc        0x2 /usr/local/bin/../lib/gcc/msp430/4.7.2/../../../../msp430/lib/mmpy-16/libc.a(sprintf.o)
 .bss           0x000027de        0x2 build/sky/obj/framer-802154.o
 .bss           0x000027e0        0x1 build/sky/obj/rpl.o
 *(SORT(.near.bss) SORT(.near.bss.*))
 *(SORT(COMMON))
 *fill*         0x000027e1        0x1 00
 COMMON         0x000027e2        0xc build/sky/obj/cc2420.o
                0x000027e2                cc2420_last_rssi
                0x000027e4                cc2420_sfd_start_time
                0x000027e6                cc2420_last_correlation
                0x000027e8                cc2420_authority_level_of_sender
                0x000027ea                cc2420_sfd_counter
                0x000027ec                cc2420_sfd_end_time
 COMMON         0x000027ee       0x14 build/sky/obj/link-stats.o
                0x000027ee                periodic_timer
 COMMON         0x00002802        0x8 build/sky/obj/linkaddr.o
                0x00002802                linkaddr_node_addr
 COMMON         0x0000280a        0x2 build/sky/obj/msp430.o
                0x0000280a                msp430_dco_required
 COMMON         0x0000280c       0x2a build/sky/obj/packetbuf.o
                0x0000280c                packetbuf_addrs
                0x0000281c                packetbuf_attrs
 COMMON         0x00002836       0xfe build/sky/obj/rpl-dag.o
                0x00002836                curr_instance
 COMMON         0x00002934       0x10 build/sky/obj/rpl.o
                0x00002934                rpl_multicast_addr
 COMMON         0x00002944      0x180 build/sky/obj/uip-ds6.o
                0x00002944                uip_ds6_timer_ra
                0x0000294c                uip_ds6_if
                0x00002a5c                uip_ds6_netif_addr_list_offset
                0x00002a5d                uip_ds6_addr_size
                0x00002a5e                uip_ds6_prefix_list
                0x00002ab8                uip_ds6_timer_periodic
 COMMON         0x00002ac4      0x1d6 build/sky/obj/uip6.o
                0x00002ac4                uip_len
                0x00002ac6                uip_sappdata
                0x00002ac8                uip_lladdr
                0x00002ad0                uip_aligned_buf
                0x00002bc0                uip_flags
                0x00002bc2                uip_udp_conn
                0x00002bc4                uip_appdata
                0x00002bc6                uip_conn
                0x00002bc8                uip_slen
                0x00002bca                uip_udp_conns
 COMMON         0x00002c9a        0x2 build/sky/obj/contiki-sky-platform.o
                0x00002c9a                sensors_flags
 COMMON         0x00002c9c        0x8 build/sky/obj/ds2411.o
                0x00002c9c                ds2411_id
 COMMON         0x00002ca4        0x1 build/sky/obj/sensors.o
                0x00002ca4                sensors_event
 COMMON         0x00002ca5        0x1 build/sky/obj/tcpip.o
                0x00002ca5                tcpip_event
                0x00002ca6                . = ALIGN (0x2)
                0x00002ca6                __bss_end = .
                0x00001a6c                __bss_size = SIZEOF (.bss)

.noinit         0x00002ca6        0x2 load address 0x0000e8ba
                0x00002ca6                . = ALIGN (0x2)
                0x00002ca6                __noinit_start = .
 *(SORT(.noinit) SORT(.noinit.*))
 .noinit.crt0   0x00002ca6        0x2 /usr/local/bin/../lib/gcc/msp430/4.7.2/mmpy-16/libcrt0.a(__watchdog_support.o)
                0x00002ca6                __wdt_clear_value
                0x00002ca8                . = ALIGN (0x2)
                0x00002ca8                __noinit_end = .
                0x00002ca8                . = ALIGN (0x2)
                0x00002ca8                _end = .

.infomem        0x00001000        0x0
                0x00001000                . = ALIGN (0x2)
 *(SORT(.infomem) SORT(.infomem.*))

.infomemnobits  0x00001000        0x0
                0x00001000                . = ALIGN (0x2)
 *(SORT(.infomemnobits) SORT(.infomemnobits.*))

.infoa          0x00001080        0x0
                0x00001080                . = ALIGN (0x2)
 *(SORT(.infoa) SORT(.infoa.*))

.infob          0x00001000        0x0
                0x00001000                . = ALIGN (0x2)
 *(SORT(.infob) SORT(.infob.*))

.infoc          0x00000000        0x0
                0x00000000                . = ALIGN (0x2)
 *(SORT(.infoc) SORT(.infoc.*))

.infod          0x00000000        0x0
                0x00000000                . = ALIGN (0x2)
 *(SORT(.infod) SORT(.infod.*))
                0x0000ffff                PROVIDE (__vte_0, 0xffff)
                0x0000ffff                PROVIDE (__vte_1, 0xffff)
                0x0000ffff                PROVIDE (__vte_2, 0xffff)
                0x0000ffff                PROVIDE (__vte_3, 0xffff)
                0x0000ffff                PROVIDE (__vte_4, 0xffff)
                0x0000ffff                PROVIDE (__vte_5, 0xffff)
                0x0000ffff                PROVIDE (__vte_6, 0xffff)
                0x0000ffff                PROVIDE (__vte_7, 0xffff)
                0x0000ffff                PROVIDE (__vte_8, 0xffff)
                0x0000ffff                PROVIDE (__vte_9, 0xffff)
                0x0000ffff                PROVIDE (__vte_10, 0xffff)
                0x0000ffff                PROVIDE (__vte_11, 0xffff)
                0x0000ffff                PROVIDE (__vte_12, 0xffff)
                0x0000ffff                PROVIDE (__vte_13, 0xffff)
                0x0000ffff                PROVIDE (__vte_14, 0xffff)
                0x0000ffff                PROVIDE (__vte_15, 0xffff)
                0x0000ffff                PROVIDE (__vte_16, 0xffff)